2025-10-16 16:47:50.825 29083-31668/com.telink.ble.mesh.demo.rels D/Networking: save complete seqAuth src: 0x0000 -- seqAuth: 0x00000000000000
2025-10-16 16:47:50.825 29083-31668/com.telink.ble.mesh.demo.rels D/Networking: received segment message count: 1
2025-10-16 16:47:50.825 29083-31668/com.telink.ble.mesh.demo.rels D/Networking: get segment ack timeout: 1000
2025-10-16 16:47:50.825 29083-31668/com.telink.ble.mesh.demo.rels D/Networking: check segment block: immediate-false ttl-10 src-16 timeout-1000
2025-10-16 16:47:50.837 29083-31668/com.telink.ble.mesh.demo.rels D/GATT: completed notification data: 00:BB:41:B0:A1:41:9F:20:4F:87:56:E0:18:D7:7A:F3:42:7E:32:0D:42:0E:56:F5:66:99:1C:ED:4B:54
2025-10-16 16:47:50.838 29083-31668/com.telink.ble.mesh.demo.rels D/Networking: getAcceptedIvIndex : 00000001 ivi: 1
2025-10-16 16:47:50.840 29083-31668/com.telink.ble.mesh.demo.rels D/Networking: network pdu: NetworkLayerPDU{ivi=1, nid=59, ctl=0, ttl=10, seq=0x7, src=16, dst=1, transportPDU=8000182664498CA57926304792E699CF}
2025-10-16 16:47:50.840 29083-31668/com.telink.ble.mesh.demo.rels D/Networking: parse access message
2025-10-16 16:47:50.840 29083-31668/com.telink.ble.mesh.demo.rels D/Networking: parse segmented access message
2025-10-16 16:47:50.842 29083-31668/com.telink.ble.mesh.demo.rels D/Networking: lastComplete? :FALSE -- seqAuth: 0x00000001000006 -- lastSeqAuth: 0x00000001000006 -- src: 0x0010 -- lastSrc: 0x0010 -- seg0: 01 -- segN: 06
2025-10-16 16:47:50.842 29083-31668/com.telink.ble.mesh.demo.rels D/Networking: received segment message count: 2
2025-10-16 16:47:50.842 29083-31668/com.telink.ble.mesh.demo.rels D/Networking: get segment ack timeout: 1000
2025-10-16 16:47:50.842 29083-31668/com.telink.ble.mesh.demo.rels D/Networking: check segment block: immediate-false ttl-10 src-16 timeout-1000
2025-10-16 16:47:50.884 29083-31668/com.telink.ble.mesh.demo.rels D/GATT: completed notification data: 00:BB:04:97:29:F2:84:76:59:27:0C:9C:CF:87:9B:5F:57:A8:E9:67:B3:39:34:7A:46:EF:F4:C4:4D:4F
2025-10-16 16:47:50.885 29083-31668/com.telink.ble.mesh.demo.rels D/Networking: getAcceptedIvIndex : 00000001 ivi: 1
2025-10-16 16:47:50.887 29083-31668/com.telink.ble.mesh.demo.rels D/Networking: network pdu: NetworkLayerPDU{ivi=1, nid=59, ctl=0, ttl=10, seq=0x8, src=16, dst=1, transportPDU=80001846B94D811658C900496A295D82}
2025-10-16 16:47:50.888 29083-31668/com.telink.ble.mesh.demo.rels D/Networking: parse access message
2025-10-16 16:47:50.888 29083-31668/com.telink.ble.mesh.demo.rels D/Networking: parse segmented access message
2025-10-16 16:47:50.892 29083-31668/com.telink.ble.mesh.demo.rels D/Networking: lastComplete? :FALSE -- seqAuth: 0x00000001000006 -- lastSeqAuth: 0x00000001000006 -- src: 0x0010 -- lastSrc: 0x0010 -- seg0: 02 -- segN: 06
2025-10-16 16:47:50.892 29083-31668/com.telink.ble.mesh.demo.rels D/Networking: received segment message count: 3
2025-10-16 16:47:50.892 29083-31668/com.telink.ble.mesh.demo.rels D/Networking: get segment ack timeout: 1000
2025-10-16 16:47:50.893 29083-31668/com.telink.ble.mesh.demo.rels D/Networking: check segment block: immediate-false ttl-10 src-16 timeout-1000
2025-10-16 16:47:50.903 29083-31668/com.telink.ble.mesh.demo.rels D/GATT: completed notification data: 00:BB:87:4D:F0:E8:CF:82:DC:9C:BA:87:D8:32:9B:6B:44:7F:34:3D:68:C7:4A:55:9B:6C:54:B0:56:49
2025-10-16 16:47:50.904 29083-31668/com.telink.ble.mesh.demo.rels D/Networking: getAcceptedIvIndex : 00000001 ivi: 1
2025-10-16 16:47:50.904 29083-31668/com.telink.ble.mesh.demo.rels D/Networking: network pdu: NetworkLayerPDU{ivi=1, nid=59, ctl=0, ttl=10, seq=0x9, src=16, dst=1, transportPDU=80001866AED9F5C1F89C6F967C30156E}
2025-10-16 16:47:50.904 29083-31668/com.telink.ble.mesh.demo.rels D/Networking: parse access message
2025-10-16 16:47:50.905 29083-31668/com.telink.ble.mesh.demo.rels D/Networking: parse segmented access message
2025-10-16 16:47:50.905 29083-31668/com.telink.ble.mesh.demo.rels D/Networking: lastComplete? :FALSE -- seqAuth: 0x00000001000006 -- lastSeqAuth: 0x00000001000006 -- src: 0x0010 -- lastSrc: 0x0010 -- seg0: 03 -- segN: 06
2025-10-16 16:47:50.905 29083-31668/com.telink.ble.mesh.demo.rels D/Networking: received segment message count: 4
2025-10-16 16:47:50.906 29083-31668/com.telink.ble.mesh.demo.rels D/Networking: get segment ack timeout: 1000
2025-10-16 16:47:50.906 29083-31668/com.telink.ble.mesh.demo.rels D/Networking: check segment block: immediate-false ttl-10 src-16 timeout-1000
2025-10-16 16:47:50.928 29083-31668/com.telink.ble.mesh.demo.rels D/GATT: completed notification data: 00:BB:FD:BF:47:AB:41:2E:C2:92:50:1D:5D:41:D0:2A:B3:8F:EC:45:77:62:A0:77:B3:F7:AF:49:99:76
2025-10-16 16:47:50.928 29083-31668/com.telink.ble.mesh.demo.rels D/Networking: getAcceptedIvIndex : 00000001 ivi: 1
2025-10-16 16:47:50.930 29083-31668/com.telink.ble.mesh.demo.rels D/Networking: network pdu: NetworkLayerPDU{ivi=1, nid=59, ctl=0, ttl=10, seq=0xa, src=16, dst=1, transportPDU=80001886967C6FBA2D30CA426D4FB70F}
2025-10-16 16:47:50.930 29083-31668/com.telink.ble.mesh.demo.rels D/Networking: parse access message
2025-10-16 16:47:50.931 29083-31668/com.telink.ble.mesh.demo.rels D/Networking: parse segmented access message
2025-10-16 16:47:50.933 29083-31668/com.telink.ble.mesh.demo.rels D/Networking: lastComplete? :FALSE -- seqAuth: 0x00000001000006 -- lastSeqAuth: 0x00000001000006 -- src: 0x0010 -- lastSrc: 0x0010 -- seg0: 04 -- segN: 06
2025-10-16 16:47:50.933 29083-31668/com.telink.ble.mesh.demo.rels D/Networking: received segment message count: 5
2025-10-16 16:47:50.933 29083-31668/com.telink.ble.mesh.demo.rels D/Networking: get segment ack timeout: 1000
2025-10-16 16:47:50.934 29083-31668/com.telink.ble.mesh.demo.rels D/Networking: check segment block: immediate-false ttl-10 src-16 timeout-1000
2025-10-16 16:47:50.974 29083-31668/com.telink.ble.mesh.demo.rels D/GATT: completed notification data: 00:BB:AA:23:80:C1:15:86:89:D6:E6:56:38:8A:D8:44:62:EC:E3:49:A9:89:34:FE:96:D1:6D:2A:D9:03
2025-10-16 16:47:50.975 29083-31668/com.telink.ble.mesh.demo.rels D/Networking: getAcceptedIvIndex : 00000001 ivi: 1
2025-10-16 16:47:50.976 29083-31668/com.telink.ble.mesh.demo.rels D/Networking: network pdu: NetworkLayerPDU{ivi=1, nid=59, ctl=0, ttl=10, seq=0xb, src=16, dst=1, transportPDU=800018A6C32F26A003D72A8724D8C3D6}
2025-10-16 16:47:50.976 29083-31668/com.telink.ble.mesh.demo.rels D/Networking: parse access message
2025-10-16 16:47:50.976 29083-31668/com.telink.ble.mesh.demo.rels D/Networking: parse segmented access message
2025-10-16 16:47:50.979 29083-31668/com.telink.ble.mesh.demo.rels D/Networking: lastComplete? :FALSE -- seqAuth: 0x00000001000006 -- lastSeqAuth: 0x00000001000006 -- src: 0x0010 -- lastSrc: 0x0010 -- seg0: 05 -- segN: 06
2025-10-16 16:47:50.979 29083-31668/com.telink.ble.mesh.demo.rels D/Networking: received segment message count: 6
2025-10-16 16:47:50.979 29083-31668/com.telink.ble.mesh.demo.rels D/Networking: get segment ack timeout: 1000
2025-10-16 16:47:50.979 29083-31668/com.telink.ble.mesh.demo.rels D/Networking: check segment block: immediate-false ttl-10 src-16 timeout-1000
2025-10-16 16:47:50.997 29083-31668/com.telink.ble.mesh.demo.rels D/GATT: completed notification data: 00:BB:05:DD:CA:20:3E:34:D2:9D:56:22:BC:D0:8A:81:4A:EF:CB:94:78:4C:69:E4:42:DC:1F:C4:4E:EC
2025-10-16 16:47:50.999 29083-31668/com.telink.ble.mesh.demo.rels D/Networking: getAcceptedIvIndex : 00000001 ivi: 1
2025-10-16 16:47:51.002 29083-31668/com.telink.ble.mesh.demo.rels D/Networking: network pdu: NetworkLayerPDU{ivi=1, nid=59, ctl=0, ttl=10, seq=0xc, src=16, dst=1, transportPDU=800018C65E7FC8E9ACBF325BF8882D68}
2025-10-16 16:47:51.002 29083-31668/com.telink.ble.mesh.demo.rels D/Networking: parse access message
2025-10-16 16:47:51.002 29083-31668/com.telink.ble.mesh.demo.rels D/Networking: parse segmented access message
2025-10-16 16:47:51.004 29083-31668/com.telink.ble.mesh.demo.rels D/Networking: lastComplete? :FALSE -- seqAuth: 0x00000001000006 -- lastSeqAuth: 0x00000001000006 -- src: 0x0010 -- lastSrc: 0x0010 -- seg0: 06 -- segN: 06
2025-10-16 16:47:51.004 29083-31668/com.telink.ble.mesh.demo.rels D/Networking: received segment message count: 7
2025-10-16 16:47:51.004 29083-31668/com.telink.ble.mesh.demo.rels D/Networking: check segment block: immediate-true ttl-10 src-16 timeout-0
2025-10-16 16:47:51.004 29083-31702/com.telink.ble.mesh.demo.rels D/Networking: send segment block ack:16
2025-10-16 16:47:51.005 29083-31668/com.telink.ble.mesh.demo.rels D/Networking: decrypted upper: 0200110201004100FF000700000015010000020003000600021400140414031401140400001002100410061007100312041200130113031304131102000000000200021006130000030000100F131013
2025-10-16 16:47:51.005 29083-31702/com.telink.ble.mesh.demo.rels D/Networking: send segment ack: SegmentAcknowledgmentMessage{seg=0, opcode=0, obo=0, seqZero=6, rfu=0, blockAck=127}
2025-10-16 16:47:51.006 29083-31702/com.telink.ble.mesh.demo.rels D/Networking: send control message: 0000180000007F
2025-10-16 16:47:51.006 29083-31668/com.telink.ble.mesh.demo.rels D/Networking: access pdu received at 0x0010: opcode -- 0x0002 params -- 00110201004100FF000700000015010000020003000600021400140414031401140400001002100410061007100312041200130113031304131102000000000200021006130000030000100F131013
2025-10-16 16:47:51.006 29083-31668/com.telink.ble.mesh.demo.rels D/Networking: clear network buffer
2025-10-16 16:47:51.007 29083-31702/com.telink.ble.mesh.demo.rels D/Networking: getTransmitIvIndex : 00000001
2025-10-16 16:47:51.007 29083-31668/com.telink.ble.mesh.demo.rels D/Networking: Reliable Message Complete: 000880 success?: true
2025-10-16 16:47:51.007 29083-31668/com.telink.ble.mesh.demo.rels D/SIG-Mesh: event handle: com.telink.sig.mesh.EVENT_TYPE_CMD_COMPLETE
2025-10-16 16:47:51.007 29083-31702/com.telink.ble.mesh.demo.rels D/Networking: single network pdu: BB:64:F9:3C:87:8F:7E:D1:BC:15:1D:D8:1A:F4:D7:29:6A:50:D5:5A:7B:5A:2D:9C
2025-10-16 16:47:51.008 29083-31702/com.telink.ble.mesh.demo.rels D/Networking: networking pdu prepared: BB:64:F9:3C:87:8F:7E:D1:BC:15:1D:D8:1A:F4:D7:29:6A:50:D5:5A:7B:5A:2D:9C busy?-false
2025-10-16 16:47:51.008 29083-31702/com.telink.ble.mesh.demo.rels D/Networking: networking pdu sending direct 
2025-10-16 16:47:51.008 29083-31668/com.telink.ble.mesh.demo.rels D/MeshController: mesh model message received: src -- 0x0010 | dst -- 0x0001 | opcode -- 0x0002 | params -- 00110201004100FF000700000015010000020003000600021400140414031401140400001002100410061007100312041200130113031304131102000000000200021006130000030000100F131013 | action mode -- MODE_BIND
2025-10-16 16:47:51.008 29083-31702/com.telink.ble.mesh.demo.rels D/GATT: send unsegment pkt: 00:BB:64:F9:3C:87:8F:7E:D1:BC:15:1D:D8:1A:F4:D7:29:6A:50:D5:5A:7B:5A:2D:9C
2025-10-16 16:47:51.010 29083-31668/com.telink.ble.mesh.demo.rels D/SIG-Mesh: cps data - 110201004100FF000700000015010000020003000600021400140414031401140400001002100410061007100312041200130113031304131102000000000200021006130000030000100F131013
2025-10-16 16:47:51.011 29083-31668/com.telink.ble.mesh.demo.rels D/Binding: models prepared: 24
2025-10-16 16:47:51.011 29083-31668/com.telink.ble.mesh.demo.rels D/Binding: add app key
2025-10-16 16:47:51.011 29083-31668/com.telink.ble.mesh.demo.rels D/Binding: update bind step: 2
2025-10-16 16:47:51.015 29083-31668/com.telink.ble.mesh.demo.rels D/MeshController: send mesh message: AppKeyAddMessage opcode: 0x0000 -- dst: 0x0010 isReliable: true retryCnt: 2 rspMax: 1
2025-10-16 16:47:51.015 29083-31668/com.telink.ble.mesh.demo.rels D/Networking: post access pdu: 000000001707E34BA79D82B6E5478167913A04E2
2025-10-16 16:47:51.015 29083-31668/com.telink.ble.mesh.demo.rels D/Networking: getTransmitIvIndex : 00000001
2025-10-16 16:47:51.015 29083-31668/com.telink.ble.mesh.demo.rels D/Networking: upper transport pdu: 303D12905B1B9BA3BE358DFA343E7BEF89F665243AC78284
2025-10-16 16:47:51.015 29083-31668/com.telink.ble.mesh.demo.rels D/Networking: create segmented access message: seqZero - 6148 segN - 1
2025-10-16 16:47:51.016 29083-31668/com.telink.ble.mesh.demo.rels D/Networking: send segmented access message
2025-10-16 16:47:51.016 29083-31668/com.telink.ble.mesh.demo.rels D/Networking: get segment ack timeout: 1000
2025-10-16 16:47:51.016 29083-31668/com.telink.ble.mesh.demo.rels D/Networking: multi network pdu: BB:9D:37:C2:FF:CB:A4:06:7F:5A:D8:33:C2:B4:2D:8D:ED:81:B6:EC:E9:C5:B2:ED:33:3E:51:B8:6D
2025-10-16 16:47:51.017 29083-31668/com.telink.ble.mesh.demo.rels D/Networking: networking pdu prepared: BB:9D:37:C2:FF:CB:A4:06:7F:5A:D8:33:C2:B4:2D:8D:ED:81:B6:EC:E9:C5:B2:ED:33:3E:51:B8:6D busy?-false
2025-10-16 16:47:51.017 29083-31668/com.telink.ble.mesh.demo.rels D/Networking: networking pdu sending direct 
2025-10-16 16:47:51.017 29083-31668/com.telink.ble.mesh.demo.rels D/GATT: send unsegment pkt: 00:BB:9D:37:C2:FF:CB:A4:06:7F:5A:D8:33:C2:B4:2D:8D:ED:81:B6:EC:E9:C5:B2:ED:33:3E:51:B8:6D
2025-10-16 16:47:51.017 29083-31668/com.telink.ble.mesh.demo.rels D/Networking: multi network pdu: BB:AE:60:D5:3A:1D:22:3F:B8:74:52:64:CA:8A:4E:2A:A4:2B:2C:52:B9:16:33:03:EE:7C:D4:74:08
2025-10-16 16:47:51.017 29083-31668/com.telink.ble.mesh.demo.rels D/Networking: networking pdu prepared: BB:AE:60:D5:3A:1D:22:3F:B8:74:52:64:CA:8A:4E:2A:A4:2B:2C:52:B9:16:33:03:EE:7C:D4:74:08 busy?-false
2025-10-16 16:47:51.017 29083-31668/com.telink.ble.mesh.demo.rels D/Networking: networking pdu sending direct 
2025-10-16 16:47:51.017 29083-31668/com.telink.ble.mesh.demo.rels D/GATT: send unsegment pkt: 00:BB:AE:60:D5:3A:1D:22:3F:B8:74:52:64:CA:8A:4E:2A:A4:2B:2C:52:B9:16:33:03:EE:7C:D4:74:08
2025-10-16 16:47:51.018 29083-31668/com.telink.ble.mesh.demo.rels D/SIG-Mesh: event handle: com.telink.sig.mesh.EVENT_TYPE_CMD_PROCESSING
2025-10-16 16:47:51.018 29083-31668/com.telink.ble.mesh.demo.rels D/MeshController: mesh message notification: com.telink.ble.mesh.core.message.config.CompositionDataStatusMessage
2025-10-16 16:47:51.018 29083-31668/com.telink.ble.mesh.demo.rels D/SIG-Mesh: event handle: com.telink.ble.mesh.core.message.config.CompositionDataStatusMessage
2025-10-16 16:47:51.019 29083-29083/com.telink.ble.mesh.demo.rels D/SIG-Mesh: cps status page: 0
2025-10-16 16:47:51.023 29083-29083/com.telink.ble.mesh.demo.rels D/SIG-Mesh: cps status: CompositionData{cid=0211, pid=0001, vid=4100, crpl=00FF, features=0007, elements=
    element 0 : 
    location: 0
    SIG models-21:0000 0002 0003 0006 1402 1400 1404 1403 1401 0004 1000 1002 1004 1006 1007 1203 1204 1300 1301 1303 1304 
    Vendor models-1:00000211	
    element 1 : 
    location: 0
    SIG models-2:1002 1306 
    Vendor models-0:
    element 2 : 
    location: 0
    SIG models-3:1000 130F 1310 
    Vendor models-0:
    }
2025-10-16 16:47:51.064 29083-31665/com.telink.ble.mesh.demo.rels D/GATT: completed notification data: 00:BB:DE:28:F5:F2:F9:8C:9F:E4:F1:75:AF:69:BC:92:31:C2:93:B3:A4:15:87:F4:01
2025-10-16 16:47:51.065 29083-31665/com.telink.ble.mesh.demo.rels D/Networking: getAcceptedIvIndex : 00000001 ivi: 1
2025-10-16 16:47:51.069 29083-31665/com.telink.ble.mesh.demo.rels D/Networking: network pdu: NetworkLayerPDU{ivi=1, nid=59, ctl=1, ttl=10, seq=0xd, src=16, dst=1, transportPDU=00601000000003}
2025-10-16 16:47:51.069 29083-31665/com.telink.ble.mesh.demo.rels D/Networking: parse control message  seg:0 -- opcode:0
2025-10-16 16:47:51.070 29083-31665/com.telink.ble.mesh.demo.rels D/Networking: onSegmentAckMessageReceived: SegmentAcknowledgmentMessage{seg=0, opcode=0, obo=0, seqZero=6148, rfu=0, blockAck=3}
2025-10-16 16:47:51.071 29083-31665/com.telink.ble.mesh.demo.rels D/Networking: resendSegmentedMessages: seqZero: 6148 block ack: 3 buffer size: 2
2025-10-16 16:47:51.071 29083-31665/com.telink.ble.mesh.demo.rels D/Networking: stop segmented block waiting, complete - FALSE success - FALSE
2025-10-16 16:47:51.072 29083-31665/com.telink.ble.mesh.demo.rels D/Networking: getTransmitIvIndex : 00000001
2025-10-16 16:47:51.073 29083-31665/com.telink.ble.mesh.demo.rels D/Networking: stop segmented block waiting, complete - TRUE success - TRUE
2025-10-16 16:47:51.073 29083-31665/com.telink.ble.mesh.demo.rels D/Networking: segmented message complete, success? : true
2025-10-16 16:47:51.073 29083-31665/com.telink.ble.mesh.demo.rels D/Networking: restart reliable message timeout task, immediate
2025-10-16 16:47:51.073 29083-31665/com.telink.ble.mesh.demo.rels D/Networking: reliable message timeout:1280
2025-10-16 16:47:51.075 29083-31665/com.telink.ble.mesh.demo.rels D/GATT: completed notification data: 00:BB:AB:69:02:94:A1:AD:75:BA:E5:D4:F8:1E:C9:77:D2:42:57:D1:38:DA:5E:BD:71
2025-10-16 16:47:51.075 29083-31665/com.telink.ble.mesh.demo.rels D/Networking: getAcceptedIvIndex : 00000001 ivi: 1
2025-10-16 16:47:51.076 29083-31665/com.telink.ble.mesh.demo.rels D/Networking: network pdu: NetworkLayerPDU{ivi=1, nid=59, ctl=0, ttl=10, seq=0xe, src=16, dst=1, transportPDU=0049D299307E4ADE25141E}
2025-10-16 16:47:51.076 29083-31665/com.telink.ble.mesh.demo.rels D/Networking: parse access message
2025-10-16 16:47:51.076 29083-31665/com.telink.ble.mesh.demo.rels D/Networking: parse unsegmented access message
2025-10-16 16:47:51.077 29083-31665/com.telink.ble.mesh.demo.rels D/Networking: access pdu received at 0x0010: opcode -- 0x0380 params -- 00000000
2025-10-16 16:47:51.077 29083-31665/com.telink.ble.mesh.demo.rels D/Networking: clear network buffer
2025-10-16 16:47:51.077 29083-31665/com.telink.ble.mesh.demo.rels D/Networking: Reliable Message Complete: 000000 success?: true
2025-10-16 16:47:51.077 29083-31665/com.telink.ble.mesh.demo.rels D/SIG-Mesh: event handle: com.telink.sig.mesh.EVENT_TYPE_CMD_COMPLETE
2025-10-16 16:47:51.078 29083-31665/com.telink.ble.mesh.demo.rels D/MeshController: mesh model message received: src -- 0x0010 | dst -- 0x0001 | opcode -- 0x0380 | params -- 00000000 | action mode -- MODE_BIND
2025-10-16 16:47:51.080 29083-31665/com.telink.ble.mesh.demo.rels D/Binding: app key add success
2025-10-16 16:47:51.080 29083-31665/com.telink.ble.mesh.demo.rels D/Binding: update bind step: 3
2025-10-16 16:47:51.080 29083-31665/com.telink.ble.mesh.demo.rels D/Binding: bind next model: 2 at: 10
2025-10-16 16:47:51.081 29083-31665/com.telink.ble.mesh.demo.rels D/MeshController: send mesh message: ModelAppBindMessage opcode: 0x3D80 -- dst: 0x0010 isReliable: true retryCnt: 2 rspMax: 1
2025-10-16 16:47:51.081 29083-31665/com.telink.ble.mesh.demo.rels D/Networking: post access pdu: 803D100000000200
2025-10-16 16:47:51.081 29083-31665/com.telink.ble.mesh.demo.rels D/Networking: getTransmitIvIndex : 00000001
2025-10-16 16:47:51.081 29083-31665/com.telink.ble.mesh.demo.rels D/Networking: upper transport pdu: 5578127C50D86744CC54C042
2025-10-16 16:47:51.081 29083-31665/com.telink.ble.mesh.demo.rels D/Networking: send unsegmented access message
2025-10-16 16:47:51.081 29083-31665/com.telink.ble.mesh.demo.rels D/Networking: restart reliable message timeout task, immediate
2025-10-16 16:47:51.082 29083-31665/com.telink.ble.mesh.demo.rels D/Networking: reliable message timeout:1280
2025-10-16 16:47:51.082 29083-31665/com.telink.ble.mesh.demo.rels D/Networking: single network pdu: BB:71:50:8E:90:E6:D3:DC:1D:8A:31:9F:7A:99:ED:79:88:DD:C5:C7:07:0D:40:25:EC:13
2025-10-16 16:47:51.082 29083-31665/com.telink.ble.mesh.demo.rels D/Networking: networking pdu prepared: BB:71:50:8E:90:E6:D3:DC:1D:8A:31:9F:7A:99:ED:79:88:DD:C5:C7:07:0D:40:25:EC:13 busy?-false
2025-10-16 16:47:51.082 29083-31665/com.telink.ble.mesh.demo.rels D/Networking: networking pdu sending direct 
2025-10-16 16:47:51.083 29083-31665/com.telink.ble.mesh.demo.rels D/GATT: send unsegment pkt: 00:BB:71:50:8E:90:E6:D3:DC:1D:8A:31:9F:7A:99:ED:79:88:DD:C5:C7:07:0D:40:25:EC:13
2025-10-16 16:47:51.087 29083-31665/com.telink.ble.mesh.demo.rels D/SIG-Mesh: event handle: com.telink.sig.mesh.EVENT_TYPE_CMD_PROCESSING
2025-10-16 16:47:51.087 29083-31665/com.telink.ble.mesh.demo.rels D/MeshController: mesh message notification: com.telink.ble.mesh.core.message.config.AppKeyStatusMessage
2025-10-16 16:47:51.087 29083-31665/com.telink.ble.mesh.demo.rels D/SIG-Mesh: event handle: com.telink.ble.mesh.core.message.config.AppKeyStatusMessage
2025-10-16 16:47:51.130 29083-31665/com.telink.ble.mesh.demo.rels D/GATT: completed notification data: 00:BB:D0:8D:04:2D:F2:F5:C1:C4:41:A3:A7:40:52:3F:16:DB:51:0A:D5:43:3D:8F:C9:35:65:82
2025-10-16 16:47:51.132 29083-31665/com.telink.ble.mesh.demo.rels D/Networking: getAcceptedIvIndex : 00000001 ivi: 1
2025-10-16 16:47:51.133 29083-31665/com.telink.ble.mesh.demo.rels D/Networking: network pdu: NetworkLayerPDU{ivi=1, nid=59, ctl=0, ttl=10, seq=0xf, src=16, dst=1, transportPDU=0023D0AEFE386298455E23C5A51F}
2025-10-16 16:47:51.133 29083-31665/com.telink.ble.mesh.demo.rels D/Networking: parse access message
2025-10-16 16:47:51.133 29083-31665/com.telink.ble.mesh.demo.rels D/Networking: parse unsegmented access message
2025-10-16 16:47:51.135 29083-31665/com.telink.ble.mesh.demo.rels D/Networking: access pdu received at 0x0010: opcode -- 0x3E80 params -- 00100000000200
2025-10-16 16:47:51.135 29083-31665/com.telink.ble.mesh.demo.rels D/Networking: clear network buffer
2025-10-16 16:47:51.137 29083-31665/com.telink.ble.mesh.demo.rels D/Networking: Reliable Message Complete: 003D80 success?: true
2025-10-16 16:47:51.137 29083-31665/com.telink.ble.mesh.demo.rels D/SIG-Mesh: event handle: com.telink.sig.mesh.EVENT_TYPE_CMD_COMPLETE
2025-10-16 16:47:51.138 29083-31665/com.telink.ble.mesh.demo.rels D/MeshController: mesh model message received: src -- 0x0010 | dst -- 0x0001 | opcode -- 0x3E80 | params -- 00100000000200 | action mode -- MODE_BIND
2025-10-16 16:47:51.140 29083-31665/com.telink.ble.mesh.demo.rels D/Binding: bind next model: 3 at: 10
2025-10-16 16:47:51.140 29083-31665/com.telink.ble.mesh.demo.rels D/MeshController: send mesh message: ModelAppBindMessage opcode: 0x3D80 -- dst: 0x0010 isReliable: true retryCnt: 2 rspMax: 1
2025-10-16 16:47:51.140 29083-31665/com.telink.ble.mesh.demo.rels D/Networking: post access pdu: 803D100000000300
2025-10-16 16:47:51.141 29083-31665/com.telink.ble.mesh.demo.rels D/Networking: getTransmitIvIndex : 00000001
2025-10-16 16:47:51.141 29083-31665/com.telink.ble.mesh.demo.rels D/Networking: upper transport pdu: F8960F2F9AA7BDB2F30B64FF
2025-10-16 16:47:51.141 29083-31665/com.telink.ble.mesh.demo.rels D/Networking: send unsegmented access message
2025-10-16 16:47:51.141 29083-31665/com.telink.ble.mesh.demo.rels D/Networking: restart reliable message timeout task, immediate
2025-10-16 16:47:51.141 29083-31665/com.telink.ble.mesh.demo.rels D/Networking: reliable message timeout:1280
2025-10-16 16:47:51.142 29083-31665/com.telink.ble.mesh.demo.rels D/Networking: single network pdu: BB:0D:E8:BC:23:7C:60:CE:C4:43:DC:64:2A:F5:1C:B1:F8:07:6D:4B:12:6A:EA:5C:80:DB
2025-10-16 16:47:51.142 29083-31665/com.telink.ble.mesh.demo.rels D/Networking: networking pdu prepared: BB:0D:E8:BC:23:7C:60:CE:C4:43:DC:64:2A:F5:1C:B1:F8:07:6D:4B:12:6A:EA:5C:80:DB busy?-false
2025-10-16 16:47:51.142 29083-31665/com.telink.ble.mesh.demo.rels D/Networking: networking pdu sending direct 
2025-10-16 16:47:51.142 29083-31665/com.telink.ble.mesh.demo.rels D/GATT: send unsegment pkt: 00:BB:0D:E8:BC:23:7C:60:CE:C4:43:DC:64:2A:F5:1C:B1:F8:07:6D:4B:12:6A:EA:5C:80:DB
2025-10-16 16:47:51.146 29083-31665/com.telink.ble.mesh.demo.rels D/SIG-Mesh: event handle: com.telink.sig.mesh.EVENT_TYPE_CMD_PROCESSING
2025-10-16 16:47:51.147 29083-31665/com.telink.ble.mesh.demo.rels D/MeshController: mesh message notification: com.telink.ble.mesh.core.message.config.ModelAppStatusMessage
2025-10-16 16:47:51.147 29083-31665/com.telink.ble.mesh.demo.rels D/SIG-Mesh: event handle: com.telink.ble.mesh.core.message.config.ModelAppStatusMessage
2025-10-16 16:47:51.175 29083-31665/com.telink.ble.mesh.demo.rels D/GATT: completed notification data: 00:BB:45:3D:21:A9:5D:08:3E:50:17:E5:2B:BE:1A:54:56:3D:2B:99:B3:BC:85:13:14:B6:EE:80
2025-10-16 16:47:51.176 29083-31665/com.telink.ble.mesh.demo.rels D/Networking: getAcceptedIvIndex : 00000001 ivi: 1
2025-10-16 16:47:51.178 29083-31665/com.telink.ble.mesh.demo.rels D/Networking: network pdu: NetworkLayerPDU{ivi=1, nid=59, ctl=0, ttl=10, seq=0x10, src=16, dst=1, transportPDU=00662BE899485CE69DF5A2DC1090}
2025-10-16 16:47:51.178 29083-31665/com.telink.ble.mesh.demo.rels D/Networking: parse access message
2025-10-16 16:47:51.178 29083-31665/com.telink.ble.mesh.demo.rels D/Networking: parse unsegmented access message
2025-10-16 16:47:51.180 29083-31665/com.telink.ble.mesh.demo.rels D/Networking: access pdu received at 0x0010: opcode -- 0x3E80 params -- 00100000000300
2025-10-16 16:47:51.180 29083-31665/com.telink.ble.mesh.demo.rels D/Networking: clear network buffer
2025-10-16 16:47:51.181 29083-31665/com.telink.ble.mesh.demo.rels D/Networking: Reliable Message Complete: 003D80 success?: true
2025-10-16 16:47:51.181 29083-31665/com.telink.ble.mesh.demo.rels D/SIG-Mesh: event handle: com.telink.sig.mesh.EVENT_TYPE_CMD_COMPLETE
2025-10-16 16:47:51.183 29083-31665/com.telink.ble.mesh.demo.rels D/MeshController: mesh model message received: src -- 0x0010 | dst -- 0x0001 | opcode -- 0x3E80 | params -- 00100000000300 | action mode -- MODE_BIND
2025-10-16 16:47:51.183 29083-31665/com.telink.ble.mesh.demo.rels D/Binding: bind next model: 1402 at: 10
2025-10-16 16:47:51.184 29083-31665/com.telink.ble.mesh.demo.rels D/MeshController: send mesh message: ModelAppBindMessage opcode: 0x3D80 -- dst: 0x0010 isReliable: true retryCnt: 2 rspMax: 1
2025-10-16 16:47:51.184 29083-31665/com.telink.ble.mesh.demo.rels D/Networking: post access pdu: 803D100000000214
2025-10-16 16:47:51.185 29083-31665/com.telink.ble.mesh.demo.rels D/Networking: getTransmitIvIndex : 00000001
2025-10-16 16:47:51.185 29083-31665/com.telink.ble.mesh.demo.rels D/Networking: upper transport pdu: A74E1FACAC6BE4F674F98023
2025-10-16 16:47:51.186 29083-31665/com.telink.ble.mesh.demo.rels D/Networking: send unsegmented access message
2025-10-16 16:47:51.186 29083-31665/com.telink.ble.mesh.demo.rels D/Networking: restart reliable message timeout task, immediate
2025-10-16 16:47:51.186 29083-31665/com.telink.ble.mesh.demo.rels D/Networking: reliable message timeout:1280
2025-10-16 16:47:51.187 29083-31665/com.telink.ble.mesh.demo.rels D/Networking: single network pdu: BB:1B:36:B7:3B:BC:BB:7F:56:A0:FE:BA:26:EC:0C:62:8E:2F:21:52:37:9B:D2:45:4D:5B
2025-10-16 16:47:51.187 29083-31665/com.telink.ble.mesh.demo.rels D/Networking: networking pdu prepared: BB:1B:36:B7:3B:BC:BB:7F:56:A0:FE:BA:26:EC:0C:62:8E:2F:21:52:37:9B:D2:45:4D:5B busy?-false
2025-10-16 16:47:51.187 29083-31665/com.telink.ble.mesh.demo.rels D/Networking: networking pdu sending direct 
2025-10-16 16:47:51.187 29083-31665/com.telink.ble.mesh.demo.rels D/GATT: send unsegment pkt: 00:BB:1B:36:B7:3B:BC:BB:7F:56:A0:FE:BA:26:EC:0C:62:8E:2F:21:52:37:9B:D2:45:4D:5B
2025-10-16 16:47:51.193 29083-31665/com.telink.ble.mesh.demo.rels D/SIG-Mesh: event handle: com.telink.sig.mesh.EVENT_TYPE_CMD_PROCESSING
2025-10-16 16:47:51.193 29083-31665/com.telink.ble.mesh.demo.rels D/MeshController: mesh message notification: com.telink.ble.mesh.core.message.config.ModelAppStatusMessage
2025-10-16 16:47:51.194 29083-31665/com.telink.ble.mesh.demo.rels D/SIG-Mesh: event handle: com.telink.ble.mesh.core.message.config.ModelAppStatusMessage
2025-10-16 16:47:51.243 29083-31668/com.telink.ble.mesh.demo.rels D/GATT: completed notification data: 00:BB:C3:22:1B:18:AF:21:B5:38:36:FA:F0:B4:17:AD:B2:81:5A:7C:33:14:65:D8:90:68:0D:61
2025-10-16 16:47:51.247 29083-31668/com.telink.ble.mesh.demo.rels D/Networking: getAcceptedIvIndex : 00000001 ivi: 1
2025-10-16 16:47:51.249 29083-31668/com.telink.ble.mesh.demo.rels D/Networking: network pdu: NetworkLayerPDU{ivi=1, nid=59, ctl=0, ttl=10, seq=0x11, src=16, dst=1, transportPDU=008E09235823E981A135F8520EDB}
2025-10-16 16:47:51.249 29083-31668/com.telink.ble.mesh.demo.rels D/Networking: parse access message
2025-10-16 16:47:51.249 29083-31668/com.telink.ble.mesh.demo.rels D/Networking: parse unsegmented access message
2025-10-16 16:47:51.252 29083-31668/com.telink.ble.mesh.demo.rels D/Networking: access pdu received at 0x0010: opcode -- 0x3E80 params -- 00100000000214
2025-10-16 16:47:51.252 29083-31668/com.telink.ble.mesh.demo.rels D/Networking: clear network buffer
2025-10-16 16:47:51.253 29083-31668/com.telink.ble.mesh.demo.rels D/Networking: Reliable Message Complete: 003D80 success?: true
2025-10-16 16:47:51.253 29083-31668/com.telink.ble.mesh.demo.rels D/SIG-Mesh: event handle: com.telink.sig.mesh.EVENT_TYPE_CMD_COMPLETE
2025-10-16 16:47:51.255 29083-31668/com.telink.ble.mesh.demo.rels D/MeshController: mesh model message received: src -- 0x0010 | dst -- 0x0001 | opcode -- 0x3E80 | params -- 00100000000214 | action mode -- MODE_BIND
2025-10-16 16:47:51.257 29083-31668/com.telink.ble.mesh.demo.rels D/Binding: bind next model: 1400 at: 10
2025-10-16 16:47:51.257 29083-31668/com.telink.ble.mesh.demo.rels D/MeshController: send mesh message: ModelAppBindMessage opcode: 0x3D80 -- dst: 0x0010 isReliable: true retryCnt: 2 rspMax: 1
2025-10-16 16:47:51.257 29083-31668/com.telink.ble.mesh.demo.rels D/Networking: post access pdu: 803D100000000014
2025-10-16 16:47:51.258 29083-31668/com.telink.ble.mesh.demo.rels D/Networking: getTransmitIvIndex : 00000001
2025-10-16 16:47:51.258 29083-31668/com.telink.ble.mesh.demo.rels D/Networking: upper transport pdu: A2BB49E508E3560BFB73A1A5
2025-10-16 16:47:51.258 29083-31668/com.telink.ble.mesh.demo.rels D/Networking: send unsegmented access message
2025-10-16 16:47:51.259 29083-31668/com.telink.ble.mesh.demo.rels D/Networking: restart reliable message timeout task, immediate
2025-10-16 16:47:51.259 29083-31668/com.telink.ble.mesh.demo.rels D/Networking: reliable message timeout:1280
2025-10-16 16:47:51.260 29083-31668/com.telink.ble.mesh.demo.rels D/Networking: single network pdu: BB:61:C6:D7:AB:1C:EE:A3:05:C8:8E:B9:A5:6B:28:6B:3B:76:3F:55:0C:F5:30:85:43:68
2025-10-16 16:47:51.260 29083-31668/com.telink.ble.mesh.demo.rels D/Networking: networking pdu prepared: BB:61:C6:D7:AB:1C:EE:A3:05:C8:8E:B9:A5:6B:28:6B:3B:76:3F:55:0C:F5:30:85:43:68 busy?-false
2025-10-16 16:47:51.260 29083-31668/com.telink.ble.mesh.demo.rels D/Networking: networking pdu sending direct 
2025-10-16 16:47:51.260 29083-31668/com.telink.ble.mesh.demo.rels D/GATT: send unsegment pkt: 00:BB:61:C6:D7:AB:1C:EE:A3:05:C8:8E:B9:A5:6B:28:6B:3B:76:3F:55:0C:F5:30:85:43:68
2025-10-16 16:47:51.264 29083-31668/com.telink.ble.mesh.demo.rels D/SIG-Mesh: event handle: com.telink.sig.mesh.EVENT_TYPE_CMD_PROCESSING
2025-10-16 16:47:51.264 29083-31668/com.telink.ble.mesh.demo.rels D/MeshController: mesh message notification: com.telink.ble.mesh.core.message.config.ModelAppStatusMessage
2025-10-16 16:47:51.264 29083-31668/com.telink.ble.mesh.demo.rels D/SIG-Mesh: event handle: com.telink.ble.mesh.core.message.config.ModelAppStatusMessage
2025-10-16 16:47:51.335 29083-31668/com.telink.ble.mesh.demo.rels D/GATT: completed notification data: 00:BB:BA:98:4F:69:4A:22:C1:A7:6F:56:59:16:50:CB:5F:59:3D:94:DE:76:B8:17:9D:C4:27:DD
2025-10-16 16:47:51.337 29083-31668/com.telink.ble.mesh.demo.rels D/Networking: getAcceptedIvIndex : 00000001 ivi: 1
2025-10-16 16:47:51.340 29083-31668/com.telink.ble.mesh.demo.rels D/Networking: network pdu: NetworkLayerPDU{ivi=1, nid=59, ctl=0, ttl=10, seq=0x12, src=16, dst=1, transportPDU=005BA8DB3E9AF6B452D8D48F2EE9}
2025-10-16 16:47:51.341 29083-31668/com.telink.ble.mesh.demo.rels D/Networking: parse access message
2025-10-16 16:47:51.341 29083-31668/com.telink.ble.mesh.demo.rels D/Networking: parse unsegmented access message
2025-10-16 16:47:51.343 29083-31668/com.telink.ble.mesh.demo.rels D/Networking: access pdu received at 0x0010: opcode -- 0x3E80 params -- 00100000000014
2025-10-16 16:47:51.343 29083-31668/com.telink.ble.mesh.demo.rels D/Networking: clear network buffer
2025-10-16 16:47:51.346 29083-31668/com.telink.ble.mesh.demo.rels D/Networking: Reliable Message Complete: 003D80 success?: true
2025-10-16 16:47:51.347 29083-31668/com.telink.ble.mesh.demo.rels D/SIG-Mesh: event handle: com.telink.sig.mesh.EVENT_TYPE_CMD_COMPLETE
2025-10-16 16:47:51.350 29083-31668/com.telink.ble.mesh.demo.rels D/MeshController: mesh model message received: src -- 0x0010 | dst -- 0x0001 | opcode -- 0x3E80 | params -- 00100000000014 | action mode -- MODE_BIND
2025-10-16 16:47:51.351 29083-31668/com.telink.ble.mesh.demo.rels D/Binding: bind next model: 1404 at: 10
2025-10-16 16:47:51.351 29083-31668/com.telink.ble.mesh.demo.rels D/MeshController: send mesh message: ModelAppBindMessage opcode: 0x3D80 -- dst: 0x0010 isReliable: true retryCnt: 2 rspMax: 1
2025-10-16 16:47:51.351 29083-31668/com.telink.ble.mesh.demo.rels D/Networking: post access pdu: 803D100000000414
2025-10-16 16:47:51.352 29083-31668/com.telink.ble.mesh.demo.rels D/Networking: getTransmitIvIndex : 00000001
2025-10-16 16:47:51.352 29083-31668/com.telink.ble.mesh.demo.rels D/Networking: upper transport pdu: 3028F337B9824ACEF1B30C1F
2025-10-16 16:47:51.352 29083-31668/com.telink.ble.mesh.demo.rels D/Networking: send unsegmented access message
2025-10-16 16:47:51.352 29083-31668/com.telink.ble.mesh.demo.rels D/Networking: restart reliable message timeout task, immediate
2025-10-16 16:47:51.352 29083-31668/com.telink.ble.mesh.demo.rels D/Networking: reliable message timeout:1280
2025-10-16 16:47:51.353 29083-31668/com.telink.ble.mesh.demo.rels D/Networking: single network pdu: BB:4D:E8:40:17:B8:CD:FE:F1:8F:F1:1F:3B:4C:45:83:C6:04:9C:8F:37:C1:82:8F:1B:63
2025-10-16 16:47:51.353 29083-31668/com.telink.ble.mesh.demo.rels D/Networking: networking pdu prepared: BB:4D:E8:40:17:B8:CD:FE:F1:8F:F1:1F:3B:4C:45:83:C6:04:9C:8F:37:C1:82:8F:1B:63 busy?-false
2025-10-16 16:47:51.353 29083-31668/com.telink.ble.mesh.demo.rels D/Networking: networking pdu sending direct 
2025-10-16 16:47:51.353 29083-31668/com.telink.ble.mesh.demo.rels D/GATT: send unsegment pkt: 00:BB:4D:E8:40:17:B8:CD:FE:F1:8F:F1:1F:3B:4C:45:83:C6:04:9C:8F:37:C1:82:8F:1B:63
2025-10-16 16:47:51.362 29083-31668/com.telink.ble.mesh.demo.rels D/SIG-Mesh: event handle: com.telink.sig.mesh.EVENT_TYPE_CMD_PROCESSING
2025-10-16 16:47:51.363 29083-31668/com.telink.ble.mesh.demo.rels D/MeshController: mesh message notification: com.telink.ble.mesh.core.message.config.ModelAppStatusMessage
2025-10-16 16:47:51.363 29083-31668/com.telink.ble.mesh.demo.rels D/SIG-Mesh: event handle: com.telink.ble.mesh.core.message.config.ModelAppStatusMessage
2025-10-16 16:47:51.424 29083-31668/com.telink.ble.mesh.demo.rels D/GATT: completed notification data: 00:BB:41:DA:65:F1:BA:8C:95:A5:51:05:39:E9:5B:F5:24:2B:E4:79:78:10:1A:C2:6C:22:8E:42
2025-10-16 16:47:51.425 29083-31668/com.telink.ble.mesh.demo.rels D/Networking: getAcceptedIvIndex : 00000001 ivi: 1
2025-10-16 16:47:51.428 29083-31668/com.telink.ble.mesh.demo.rels D/Networking: network pdu: NetworkLayerPDU{ivi=1, nid=59, ctl=0, ttl=10, seq=0x13, src=16, dst=1, transportPDU=00F1E009805E8739D819FCE59D33}
2025-10-16 16:47:51.428 29083-31668/com.telink.ble.mesh.demo.rels D/Networking: parse access message
2025-10-16 16:47:51.428 29083-31668/com.telink.ble.mesh.demo.rels D/Networking: parse unsegmented access message
2025-10-16 16:47:51.431 29083-31668/com.telink.ble.mesh.demo.rels D/Networking: access pdu received at 0x0010: opcode -- 0x3E80 params -- 00100000000414
2025-10-16 16:47:51.431 29083-31668/com.telink.ble.mesh.demo.rels D/Networking: clear network buffer
2025-10-16 16:47:51.433 29083-31668/com.telink.ble.mesh.demo.rels D/Networking: Reliable Message Complete: 003D80 success?: true
2025-10-16 16:47:51.434 29083-31668/com.telink.ble.mesh.demo.rels D/SIG-Mesh: event handle: com.telink.sig.mesh.EVENT_TYPE_CMD_COMPLETE
2025-10-16 16:47:51.435 29083-31668/com.telink.ble.mesh.demo.rels D/MeshController: mesh model message received: src -- 0x0010 | dst -- 0x0001 | opcode -- 0x3E80 | params -- 00100000000414 | action mode -- MODE_BIND
2025-10-16 16:47:51.435 29083-31668/com.telink.ble.mesh.demo.rels D/Binding: bind next model: 1403 at: 10
2025-10-16 16:47:51.436 29083-31668/com.telink.ble.mesh.demo.rels D/MeshController: send mesh message: ModelAppBindMessage opcode: 0x3D80 -- dst: 0x0010 isReliable: true retryCnt: 2 rspMax: 1
2025-10-16 16:47:51.436 29083-31668/com.telink.ble.mesh.demo.rels D/Networking: post access pdu: 803D100000000314
2025-10-16 16:47:51.436 29083-31668/com.telink.ble.mesh.demo.rels D/Networking: getTransmitIvIndex : 00000001
2025-10-16 16:47:51.437 29083-31668/com.telink.ble.mesh.demo.rels D/Networking: upper transport pdu: 53BA168F4BE5DE3F0D01B792
2025-10-16 16:47:51.437 29083-31668/com.telink.ble.mesh.demo.rels D/Networking: send unsegmented access message
2025-10-16 16:47:51.437 29083-31668/com.telink.ble.mesh.demo.rels D/Networking: restart reliable message timeout task, immediate
2025-10-16 16:47:51.437 29083-31668/com.telink.ble.mesh.demo.rels D/Networking: reliable message timeout:1280
2025-10-16 16:47:51.438 29083-31668/com.telink.ble.mesh.demo.rels D/Networking: single network pdu: BB:BF:4A:6B:95:BF:7E:F6:4D:B2:A1:DB:3F:E2:6C:DB:AE:7C:17:CF:8F:1C:92:FA:57:19
2025-10-16 16:47:51.438 29083-31668/com.telink.ble.mesh.demo.rels D/Networking: networking pdu prepared: BB:BF:4A:6B:95:BF:7E:F6:4D:B2:A1:DB:3F:E2:6C:DB:AE:7C:17:CF:8F:1C:92:FA:57:19 busy?-false
2025-10-16 16:47:51.438 29083-31668/com.telink.ble.mesh.demo.rels D/Networking: networking pdu sending direct 
2025-10-16 16:47:51.438 29083-31668/com.telink.ble.mesh.demo.rels D/GATT: send unsegment pkt: 00:BB:BF:4A:6B:95:BF:7E:F6:4D:B2:A1:DB:3F:E2:6C:DB:AE:7C:17:CF:8F:1C:92:FA:57:19
2025-10-16 16:47:51.442 29083-31668/com.telink.ble.mesh.demo.rels D/SIG-Mesh: event handle: com.telink.sig.mesh.EVENT_TYPE_CMD_PROCESSING
2025-10-16 16:47:51.442 29083-31668/com.telink.ble.mesh.demo.rels D/MeshController: mesh message notification: com.telink.ble.mesh.core.message.config.ModelAppStatusMessage
2025-10-16 16:47:51.442 29083-31668/com.telink.ble.mesh.demo.rels D/SIG-Mesh: event handle: com.telink.ble.mesh.core.message.config.ModelAppStatusMessage
2025-10-16 16:47:51.584 29083-31668/com.telink.ble.mesh.demo.rels D/GATT: completed notification data: 00:BB:72:1F:89:D9:9D:A2:84:6B:A3:1E:27:AD:A6:6C:29:59:75:DE:47:29:04:8F:6D:39:7E:BA
2025-10-16 16:47:51.585 29083-31668/com.telink.ble.mesh.demo.rels D/Networking: getAcceptedIvIndex : 00000001 ivi: 1
2025-10-16 16:47:51.589 29083-31668/com.telink.ble.mesh.demo.rels D/Networking: network pdu: NetworkLayerPDU{ivi=1, nid=59, ctl=0, ttl=10, seq=0x14, src=16, dst=1, transportPDU=00851D57B591EE49404C279BCBF4}
2025-10-16 16:47:51.589 29083-31668/com.telink.ble.mesh.demo.rels D/Networking: parse access message
2025-10-16 16:47:51.589 29083-31668/com.telink.ble.mesh.demo.rels D/Networking: parse unsegmented access message
2025-10-16 16:47:51.590 29083-31668/com.telink.ble.mesh.demo.rels D/Networking: access pdu received at 0x0010: opcode -- 0x3E80 params -- 00100000000314
2025-10-16 16:47:51.590 29083-31668/com.telink.ble.mesh.demo.rels D/Networking: clear network buffer
2025-10-16 16:47:51.591 29083-31668/com.telink.ble.mesh.demo.rels D/Networking: Reliable Message Complete: 003D80 success?: true
2025-10-16 16:47:51.591 29083-31668/com.telink.ble.mesh.demo.rels D/SIG-Mesh: event handle: com.telink.sig.mesh.EVENT_TYPE_CMD_COMPLETE
2025-10-16 16:47:51.592 29083-31668/com.telink.ble.mesh.demo.rels D/MeshController: mesh model message received: src -- 0x0010 | dst -- 0x0001 | opcode -- 0x3E80 | params -- 00100000000314 | action mode -- MODE_BIND
2025-10-16 16:47:51.592 29083-31668/com.telink.ble.mesh.demo.rels D/Binding: bind next model: 1401 at: 10
2025-10-16 16:47:51.593 29083-31668/com.telink.ble.mesh.demo.rels D/MeshController: send mesh message: ModelAppBindMessage opcode: 0x3D80 -- dst: 0x0010 isReliable: true retryCnt: 2 rspMax: 1
2025-10-16 16:47:51.593 29083-31668/com.telink.ble.mesh.demo.rels D/Networking: post access pdu: 803D100000000114
2025-10-16 16:47:51.593 29083-31668/com.telink.ble.mesh.demo.rels D/Networking: getTransmitIvIndex : 00000001
2025-10-16 16:47:51.593 29083-31668/com.telink.ble.mesh.demo.rels D/Networking: upper transport pdu: 8D0B75D9CB59877DEF5701AF
2025-10-16 16:47:51.593 29083-31668/com.telink.ble.mesh.demo.rels D/Networking: send unsegmented access message
2025-10-16 16:47:51.593 29083-31668/com.telink.ble.mesh.demo.rels D/Networking: restart reliable message timeout task, immediate
2025-10-16 16:47:51.594 29083-31668/com.telink.ble.mesh.demo.rels D/Networking: reliable message timeout:1280
2025-10-16 16:47:51.594 29083-31668/com.telink.ble.mesh.demo.rels D/Networking: single network pdu: BB:BC:54:C9:4B:AC:9A:12:AB:69:0B:11:8A:6F:0B:3D:2A:A1:E9:22:E4:9B:D8:AF:68:89
2025-10-16 16:47:51.595 29083-31668/com.telink.ble.mesh.demo.rels D/Networking: networking pdu prepared: BB:BC:54:C9:4B:AC:9A:12:AB:69:0B:11:8A:6F:0B:3D:2A:A1:E9:22:E4:9B:D8:AF:68:89 busy?-false
2025-10-16 16:47:51.595 29083-31668/com.telink.ble.mesh.demo.rels D/Networking: networking pdu sending direct 
2025-10-16 16:47:51.595 29083-31668/com.telink.ble.mesh.demo.rels D/GATT: send unsegment pkt: 00:BB:BC:54:C9:4B:AC:9A:12:AB:69:0B:11:8A:6F:0B:3D:2A:A1:E9:22:E4:9B:D8:AF:68:89
2025-10-16 16:47:51.598 29083-31668/com.telink.ble.mesh.demo.rels D/SIG-Mesh: event handle: com.telink.sig.mesh.EVENT_TYPE_CMD_PROCESSING
2025-10-16 16:47:51.599 29083-31668/com.telink.ble.mesh.demo.rels D/MeshController: mesh message notification: com.telink.ble.mesh.core.message.config.ModelAppStatusMessage
2025-10-16 16:47:51.599 29083-31668/com.telink.ble.mesh.demo.rels D/SIG-Mesh: event handle: com.telink.ble.mesh.core.message.config.ModelAppStatusMessage
2025-10-16 16:47:51.648 29083-31668/com.telink.ble.mesh.demo.rels D/GATT: completed notification data: 00:BB:5A:BA:56:D9:7A:94:98:73:DA:C3:96:F0:51:7E:5A:D2:05:FB:40:A3:E8:26:25:BD:BE:8C
2025-10-16 16:47:51.649 29083-31668/com.telink.ble.mesh.demo.rels D/Networking: getAcceptedIvIndex : 00000001 ivi: 1
2025-10-16 16:47:51.653 29083-31668/com.telink.ble.mesh.demo.rels D/Networking: network pdu: NetworkLayerPDU{ivi=1, nid=59, ctl=0, ttl=10, seq=0x15, src=16, dst=1, transportPDU=00A6B46806C1F23CA2831B5FCF24}
2025-10-16 16:47:51.653 29083-31668/com.telink.ble.mesh.demo.rels D/Networking: parse access message
2025-10-16 16:47:51.653 29083-31668/com.telink.ble.mesh.demo.rels D/Networking: parse unsegmented access message
2025-10-16 16:47:51.654 29083-31668/com.telink.ble.mesh.demo.rels D/Networking: access pdu received at 0x0010: opcode -- 0x3E80 params -- 00100000000114
2025-10-16 16:47:51.655 29083-31668/com.telink.ble.mesh.demo.rels D/Networking: clear network buffer
2025-10-16 16:47:51.656 29083-31668/com.telink.ble.mesh.demo.rels D/Networking: Reliable Message Complete: 003D80 success?: true
2025-10-16 16:47:51.657 29083-31668/com.telink.ble.mesh.demo.rels D/SIG-Mesh: event handle: com.telink.sig.mesh.EVENT_TYPE_CMD_COMPLETE
2025-10-16 16:47:51.660 29083-31668/com.telink.ble.mesh.demo.rels D/MeshController: mesh model message received: src -- 0x0010 | dst -- 0x0001 | opcode -- 0x3E80 | params -- 00100000000114 | action mode -- MODE_BIND
2025-10-16 16:47:51.660 29083-31668/com.telink.ble.mesh.demo.rels D/Binding: bind next model: 1000 at: 10
2025-10-16 16:47:51.661 29083-31668/com.telink.ble.mesh.demo.rels D/MeshController: send mesh message: ModelAppBindMessage opcode: 0x3D80 -- dst: 0x0010 isReliable: true retryCnt: 2 rspMax: 1
2025-10-16 16:47:51.661 29083-31668/com.telink.ble.mesh.demo.rels D/Networking: post access pdu: 803D100000000010
2025-10-16 16:47:51.662 29083-31668/com.telink.ble.mesh.demo.rels D/Networking: getTransmitIvIndex : 00000001
2025-10-16 16:47:51.663 29083-31668/com.telink.ble.mesh.demo.rels D/Networking: upper transport pdu: A3C4C649275BC4A0F9628EA4
2025-10-16 16:47:51.663 29083-31668/com.telink.ble.mesh.demo.rels D/Networking: send unsegmented access message
2025-10-16 16:47:51.663 29083-31668/com.telink.ble.mesh.demo.rels D/Networking: restart reliable message timeout task, immediate
2025-10-16 16:47:51.663 29083-31668/com.telink.ble.mesh.demo.rels D/Networking: reliable message timeout:1280
2025-10-16 16:47:51.664 29083-31668/com.telink.ble.mesh.demo.rels D/Networking: single network pdu: BB:33:7D:D5:AB:A5:25:9D:1B:BD:03:4C:D3:8F:49:F3:58:94:DF:EC:EC:D0:FC:33:0A:EB
2025-10-16 16:47:51.664 29083-31668/com.telink.ble.mesh.demo.rels D/Networking: networking pdu prepared: BB:33:7D:D5:AB:A5:25:9D:1B:BD:03:4C:D3:8F:49:F3:58:94:DF:EC:EC:D0:FC:33:0A:EB busy?-false
2025-10-16 16:47:51.664 29083-31668/com.telink.ble.mesh.demo.rels D/Networking: networking pdu sending direct 
2025-10-16 16:47:51.664 29083-31668/com.telink.ble.mesh.demo.rels D/GATT: send unsegment pkt: 00:BB:33:7D:D5:AB:A5:25:9D:1B:BD:03:4C:D3:8F:49:F3:58:94:DF:EC:EC:D0:FC:33:0A:EB
2025-10-16 16:47:51.668 29083-31668/com.telink.ble.mesh.demo.rels D/SIG-Mesh: event handle: com.telink.sig.mesh.EVENT_TYPE_CMD_PROCESSING
2025-10-16 16:47:51.668 29083-31668/com.telink.ble.mesh.demo.rels D/MeshController: mesh message notification: com.telink.ble.mesh.core.message.config.ModelAppStatusMessage
2025-10-16 16:47:51.668 29083-31668/com.telink.ble.mesh.demo.rels D/SIG-Mesh: event handle: com.telink.ble.mesh.core.message.config.ModelAppStatusMessage
2025-10-16 16:47:51.716 29083-31665/com.telink.ble.mesh.demo.rels D/GATT: completed notification data: 00:BB:1B:B9:64:C3:83:02:06:16:4C:F4:DC:78:7A:20:66:3B:7F:07:54:4D:09:F9:1F:0C:4F:37
2025-10-16 16:47:51.717 29083-31665/com.telink.ble.mesh.demo.rels D/Networking: getAcceptedIvIndex : 00000001 ivi: 1
2025-10-16 16:47:51.719 29083-31665/com.telink.ble.mesh.demo.rels D/Networking: network pdu: NetworkLayerPDU{ivi=1, nid=59, ctl=0, ttl=10, seq=0x16, src=16, dst=1, transportPDU=004DDAD0DAFDD81CDC4EB744B6E0}
2025-10-16 16:47:51.719 29083-31665/com.telink.ble.mesh.demo.rels D/Networking: parse access message
2025-10-16 16:47:51.719 29083-31665/com.telink.ble.mesh.demo.rels D/Networking: parse unsegmented access message
2025-10-16 16:47:51.721 29083-31665/com.telink.ble.mesh.demo.rels D/Networking: access pdu received at 0x0010: opcode -- 0x3E80 params -- 00100000000010
2025-10-16 16:47:51.721 29083-31665/com.telink.ble.mesh.demo.rels D/Networking: clear network buffer
2025-10-16 16:47:51.721 29083-31665/com.telink.ble.mesh.demo.rels D/Networking: Reliable Message Complete: 003D80 success?: true
2025-10-16 16:47:51.722 29083-31665/com.telink.ble.mesh.demo.rels D/SIG-Mesh: event handle: com.telink.sig.mesh.EVENT_TYPE_CMD_COMPLETE
2025-10-16 16:47:51.724 29083-31665/com.telink.ble.mesh.demo.rels D/MeshController: mesh model message received: src -- 0x0010 | dst -- 0x0001 | opcode -- 0x3E80 | params -- 00100000000010 | action mode -- MODE_BIND
2025-10-16 16:47:51.724 29083-31665/com.telink.ble.mesh.demo.rels D/Binding: bind next model: 1002 at: 10
2025-10-16 16:47:51.724 29083-31665/com.telink.ble.mesh.demo.rels D/MeshController: send mesh message: ModelAppBindMessage opcode: 0x3D80 -- dst: 0x0010 isReliable: true retryCnt: 2 rspMax: 1
2025-10-16 16:47:51.724 29083-31665/com.telink.ble.mesh.demo.rels D/Networking: post access pdu: 803D100000000210
2025-10-16 16:47:51.725 29083-31665/com.telink.ble.mesh.demo.rels D/Networking: getTransmitIvIndex : 00000001
2025-10-16 16:47:51.725 29083-31665/com.telink.ble.mesh.demo.rels D/Networking: upper transport pdu: 55088118DE6253044058E8BE
2025-10-16 16:47:51.725 29083-31665/com.telink.ble.mesh.demo.rels D/Networking: send unsegmented access message
2025-10-16 16:47:51.725 29083-31665/com.telink.ble.mesh.demo.rels D/Networking: restart reliable message timeout task, immediate
2025-10-16 16:47:51.725 29083-31665/com.telink.ble.mesh.demo.rels D/Networking: reliable message timeout:1280
2025-10-16 16:47:51.726 29083-31665/com.telink.ble.mesh.demo.rels D/Networking: single network pdu: BB:B4:81:66:93:55:15:2C:1F:98:AA:45:60:C5:8E:EA:FD:DD:56:06:48:E2:06:44:5A:29
2025-10-16 16:47:51.726 29083-31665/com.telink.ble.mesh.demo.rels D/Networking: networking pdu prepared: BB:B4:81:66:93:55:15:2C:1F:98:AA:45:60:C5:8E:EA:FD:DD:56:06:48:E2:06:44:5A:29 busy?-false
2025-10-16 16:47:51.726 29083-31665/com.telink.ble.mesh.demo.rels D/Networking: networking pdu sending direct 
2025-10-16 16:47:51.727 29083-31665/com.telink.ble.mesh.demo.rels D/GATT: send unsegment pkt: 00:BB:B4:81:66:93:55:15:2C:1F:98:AA:45:60:C5:8E:EA:FD:DD:56:06:48:E2:06:44:5A:29
2025-10-16 16:47:51.733 29083-31665/com.telink.ble.mesh.demo.rels D/SIG-Mesh: event handle: com.telink.sig.mesh.EVENT_TYPE_CMD_PROCESSING
2025-10-16 16:47:51.733 29083-31665/com.telink.ble.mesh.demo.rels D/MeshController: mesh message notification: com.telink.ble.mesh.core.message.config.ModelAppStatusMessage
2025-10-16 16:47:51.733 29083-31665/com.telink.ble.mesh.demo.rels D/SIG-Mesh: event handle: com.telink.ble.mesh.core.message.config.ModelAppStatusMessage
2025-10-16 16:47:51.761 29083-31668/com.telink.ble.mesh.demo.rels D/GATT: completed notification data: 00:BB:35:87:41:59:0E:55:26:77:8F:E1:A9:BE:5D:C0:0E:1C:1B:92:56:8C:66:7B:65:9F:B9:0C
2025-10-16 16:47:51.762 29083-31668/com.telink.ble.mesh.demo.rels D/Networking: getAcceptedIvIndex : 00000001 ivi: 1
2025-10-16 16:47:51.766 29083-31668/com.telink.ble.mesh.demo.rels D/Networking: network pdu: NetworkLayerPDU{ivi=1, nid=59, ctl=0, ttl=10, seq=0x17, src=16, dst=1, transportPDU=00397AF749602629F9389ED27D83}
2025-10-16 16:47:51.767 29083-31668/com.telink.ble.mesh.demo.rels D/Networking: parse access message
2025-10-16 16:47:51.767 29083-31668/com.telink.ble.mesh.demo.rels D/Networking: parse unsegmented access message
2025-10-16 16:47:51.768 29083-31668/com.telink.ble.mesh.demo.rels D/Networking: access pdu received at 0x0010: opcode -- 0x3E80 params -- 00100000000210
2025-10-16 16:47:51.769 29083-31668/com.telink.ble.mesh.demo.rels D/Networking: clear network buffer
2025-10-16 16:47:51.769 29083-31668/com.telink.ble.mesh.demo.rels D/Networking: Reliable Message Complete: 003D80 success?: true
