2025-10-16 16:47:52.664 29083-31668/com.telink.ble.mesh.demo.rels D/Networking: clear network buffer
2025-10-16 16:47:52.666 29083-31668/com.telink.ble.mesh.demo.rels D/Networking: Reliable Message Complete: 003D80 success?: true
2025-10-16 16:47:52.666 29083-31668/com.telink.ble.mesh.demo.rels D/SIG-Mesh: event handle: com.telink.sig.mesh.EVENT_TYPE_CMD_COMPLETE
2025-10-16 16:47:52.669 29083-31668/com.telink.ble.mesh.demo.rels D/MeshController: mesh model message received: src -- 0x0010 | dst -- 0x0001 | opcode -- 0x3E80 | params -- 00120000000F13 | action mode -- MODE_BIND
2025-10-16 16:47:52.669 29083-31668/com.telink.ble.mesh.demo.rels D/Binding: bind next model: 1310 at: 12
2025-10-16 16:47:52.670 29083-31668/com.telink.ble.mesh.demo.rels D/MeshController: send mesh message: ModelAppBindMessage opcode: 0x3D80 -- dst: 0x0010 isReliable: true retryCnt: 2 rspMax: 1
2025-10-16 16:47:52.670 29083-31668/com.telink.ble.mesh.demo.rels D/Networking: post access pdu: 803D120000001013
2025-10-16 16:47:52.672 29083-31668/com.telink.ble.mesh.demo.rels D/Networking: getTransmitIvIndex : 00000001
2025-10-16 16:47:52.672 29083-31668/com.telink.ble.mesh.demo.rels D/Networking: upper transport pdu: DF32E7F23342B8A218D1B008
2025-10-16 16:47:52.672 29083-31668/com.telink.ble.mesh.demo.rels D/Networking: send unsegmented access message
2025-10-16 16:47:52.672 29083-31668/com.telink.ble.mesh.demo.rels D/Networking: restart reliable message timeout task, immediate
2025-10-16 16:47:52.673 29083-31668/com.telink.ble.mesh.demo.rels D/Networking: reliable message timeout:1280
2025-10-16 16:47:52.673 29083-31668/com.telink.ble.mesh.demo.rels D/Networking: single network pdu: BB:A9:91:43:C5:9A:6D:5E:D7:80:F9:A0:4D:D9:B7:BE:8F:6F:44:4E:7D:E2:30:7C:F2:10
2025-10-16 16:47:52.673 29083-31668/com.telink.ble.mesh.demo.rels D/Networking: networking pdu prepared: BB:A9:91:43:C5:9A:6D:5E:D7:80:F9:A0:4D:D9:B7:BE:8F:6F:44:4E:7D:E2:30:7C:F2:10 busy?-false
2025-10-16 16:47:52.674 29083-31668/com.telink.ble.mesh.demo.rels D/Networking: networking pdu sending direct 
2025-10-16 16:47:52.674 29083-31668/com.telink.ble.mesh.demo.rels D/GATT: send unsegment pkt: 00:BB:A9:91:43:C5:9A:6D:5E:D7:80:F9:A0:4D:D9:B7:BE:8F:6F:44:4E:7D:E2:30:7C:F2:10
2025-10-16 16:47:52.678 29083-31668/com.telink.ble.mesh.demo.rels D/SIG-Mesh: event handle: com.telink.sig.mesh.EVENT_TYPE_CMD_PROCESSING
2025-10-16 16:47:52.679 29083-31668/com.telink.ble.mesh.demo.rels D/MeshController: mesh message notification: com.telink.ble.mesh.core.message.config.ModelAppStatusMessage
2025-10-16 16:47:52.679 29083-31668/com.telink.ble.mesh.demo.rels D/SIG-Mesh: event handle: com.telink.ble.mesh.core.message.config.ModelAppStatusMessage
2025-10-16 16:47:52.727 29083-31668/com.telink.ble.mesh.demo.rels D/GATT: completed notification data: 00:BB:D7:FB:17:FC:5E:9F:E5:8F:65:7F:77:15:35:F5:33:2B:D5:84:4E:BC:FA:4A:4D:9A:A0:19
2025-10-16 16:47:52.727 29083-31668/com.telink.ble.mesh.demo.rels D/Networking: getAcceptedIvIndex : 00000001 ivi: 1
2025-10-16 16:47:52.728 29083-31668/com.telink.ble.mesh.demo.rels D/Networking: network pdu: NetworkLayerPDU{ivi=1, nid=59, ctl=0, ttl=10, seq=0x26, src=16, dst=1, transportPDU=00CAF4B947818BD86C08A46CB99D}
2025-10-16 16:47:52.728 29083-31668/com.telink.ble.mesh.demo.rels D/Networking: parse access message
2025-10-16 16:47:52.728 29083-31668/com.telink.ble.mesh.demo.rels D/Networking: parse unsegmented access message
2025-10-16 16:47:52.729 29083-31668/com.telink.ble.mesh.demo.rels D/Networking: access pdu received at 0x0010: opcode -- 0x3E80 params -- 00120000001013
2025-10-16 16:47:52.729 29083-31668/com.telink.ble.mesh.demo.rels D/Networking: clear network buffer
2025-10-16 16:47:52.729 29083-31668/com.telink.ble.mesh.demo.rels D/Networking: Reliable Message Complete: 003D80 success?: true
2025-10-16 16:47:52.729 29083-31668/com.telink.ble.mesh.demo.rels D/SIG-Mesh: event handle: com.telink.sig.mesh.EVENT_TYPE_CMD_COMPLETE
2025-10-16 16:47:52.730 29083-31668/com.telink.ble.mesh.demo.rels D/MeshController: mesh model message received: src -- 0x0010 | dst -- 0x0001 | opcode -- 0x3E80 | params -- 00120000001013 | action mode -- MODE_BIND
2025-10-16 16:47:52.730 29083-31668/com.telink.ble.mesh.demo.rels D/MeshController: access state changed: 1 -- binding success
2025-10-16 16:47:52.730 29083-31668/com.telink.ble.mesh.demo.rels D/MeshController: ---idle--- false
2025-10-16 16:47:52.731 29083-31668/com.telink.ble.mesh.demo.rels D/SIG-Mesh: event handle: com.telink.ble.mesh.EVENT_TYPE_BIND_SUCCESS
2025-10-16 16:47:52.731 29083-31668/com.telink.ble.mesh.demo.rels D/MeshController: mesh message notification: com.telink.ble.mesh.core.message.config.ModelAppStatusMessage
2025-10-16 16:47:52.731 29083-31668/com.telink.ble.mesh.demo.rels D/SIG-Mesh: event handle: com.telink.ble.mesh.core.message.config.ModelAppStatusMessage
2025-10-16 16:47:52.732 29083-29083/com.telink.ble.mesh.demo.rels D/SIG-Mesh: updateNodeInfo - 10
2025-10-16 16:47:52.736 29083-29083/com.telink.ble.mesh.demo.rels D/SIG-Mesh: enableUI scanning-FALSE enable-FALSE
2025-10-16 16:47:52.736 29083-29083/com.telink.ble.mesh.demo.rels D/MeshController: ---idle--- false
2025-10-16 16:47:52.737 29083-29083/com.telink.ble.mesh.demo.rels W/SIG-Mesh: mode not changed : IDLE
2025-10-16 16:47:52.738 29083-29083/com.telink.ble.mesh.demo.rels D/SIG-Mesh: no waiting device found
2025-10-16 16:47:52.739 29083-29083/com.telink.ble.mesh.demo.rels D/SIG-Mesh: enableUI scanning-FALSE enable-TRUE
2025-10-16 16:47:52.739 29083-29083/com.telink.ble.mesh.demo.rels D/MeshController: ---idle--- false
2025-10-16 16:47:52.739 29083-29083/com.telink.ble.mesh.demo.rels W/SIG-Mesh: mode not changed : IDLE
2025-10-16 16:47:52.756 29083-29083/com.telink.ble.mesh.demo.rels I/Quality: Skipped: false 1 cost 12.198534 refreshRate 11058673 processName com.telink.ble.mesh.demo.rels
2025-10-16 16:47:52.777 29083-29083/com.telink.ble.mesh.demo.rels I/Quality: Skipped: false 1 cost 11.790159 refreshRate 11058293 processName com.telink.ble.mesh.demo.rels
2025-10-16 16:47:58.340 29083-29083/com.telink.ble.mesh.demo.rels D/Activity: com.telink.ble.mesh.ui.DeviceProvisionActivity@fcb6b27onBackPressed!
2025-10-16 16:47:58.352 29083-29083/com.telink.ble.mesh.demo.rels W/SIG-Mesh: DeviceProvisionActivity finish
2025-10-16 16:47:58.352 29083-29083/com.telink.ble.mesh.demo.rels D/MeshController: ---idle--- false
2025-10-16 16:47:58.352 29083-29083/com.telink.ble.mesh.demo.rels W/SIG-Mesh: mode not changed : IDLE
2025-10-16 16:47:58.354 29083-29083/com.telink.ble.mesh.demo.rels I/Quality: Skipped: false 1 cost 17.594893 refreshRate 11045571 processName com.telink.ble.mesh.demo.rels
2025-10-16 16:47:58.361 29083-31668/com.telink.ble.mesh.demo.rels D/VRI[MainActivity]: dispatchAppVisibility visible:true
2025-10-16 16:47:58.378 29083-29083/com.telink.ble.mesh.demo.rels D/VRI[MainActivity]: setWindowStopped stopped:false
2025-10-16 16:47:58.381 29083-29083/com.telink.ble.mesh.demo.rels W/SIG-Mesh: MainActivity onResume
2025-10-16 16:47:58.381 29083-29083/com.telink.ble.mesh.demo.rels D/SIG-Mesh: main auto connect
2025-10-16 16:47:58.381 29083-29083/com.telink.ble.mesh.demo.rels D/MeshController: auto connect
2025-10-16 16:47:58.381 29083-29083/com.telink.ble.mesh.demo.rels D/SIG-Mesh: event handle: com.telink.ble.mesh.EVENT_TYPE_AUTO_CONNECT_LOGIN
2025-10-16 16:47:58.382 29083-29083/com.telink.ble.mesh.demo.rels D/SIG-Mesh: network fragment - onResume
2025-10-16 16:47:58.384 29083-29083/com.telink.ble.mesh.demo.rels D/VRI[DeviceProvisionActivity]: onFocusEvent false
2025-10-16 16:47:58.400 29083-29083/com.telink.ble.mesh.demo.rels D/BufferQueueConsumer: [](id:719b00000003,api:0,p:-1,c:29083) connect: controlledByApp=false
2025-10-16 16:47:58.400 29083-29083/com.telink.ble.mesh.demo.rels E/IPCThreadState: attemptIncStrongHandle(77): Not supported
2025-10-16 16:47:58.402 29083-31685/com.telink.ble.mesh.demo.rels D/BufferQueueProducer: [VRI[MainActivity]#3(BLAST Consumer)3](id:719b00000003,api:1,p:29083,c:29083) connect: api=1 producerControlledByApp=true
2025-10-16 16:47:58.413 29083-29083/com.telink.ble.mesh.demo.rels D/SIG-Mesh: set primary color : 16
2025-10-16 16:47:58.418 29083-29083/com.telink.ble.mesh.demo.rels D/VRI[MainActivity]: registerCallbacksForSync syncBuffer=false
2025-10-16 16:47:58.425 29083-31685/com.telink.ble.mesh.demo.rels D/VRI[MainActivity]: Received frameCommittedCallback lastAttemptedDrawFrameNum=1 didProduceBuffer=true syncBuffer=false
2025-10-16 16:47:58.425 29083-29083/com.telink.ble.mesh.demo.rels D/VRI[MainActivity]: draw finished.
2025-10-16 16:47:58.427 29083-29083/com.telink.ble.mesh.demo.rels D/MeshController: send mesh message: OnOffGetMessage opcode: 0x0182 -- dst: 0xFFFF isReliable: true retryCnt: 2 rspMax: 0
2025-10-16 16:47:58.427 29083-29083/com.telink.ble.mesh.demo.rels D/Networking: post access pdu: 8201
2025-10-16 16:47:58.427 29083-29083/com.telink.ble.mesh.demo.rels D/Networking: getTransmitIvIndex : 00000001
2025-10-16 16:47:58.428 29083-29083/com.telink.ble.mesh.demo.rels D/Networking: upper transport pdu: 0F15A2E0D0DB
2025-10-16 16:47:58.428 29083-29083/com.telink.ble.mesh.demo.rels D/Networking: send unsegmented access message
2025-10-16 16:47:58.428 29083-29083/com.telink.ble.mesh.demo.rels D/Networking: restart reliable message timeout task, immediate
2025-10-16 16:47:58.428 29083-29083/com.telink.ble.mesh.demo.rels D/Networking: reliable message timeout:1280
2025-10-16 16:47:58.428 29083-29083/com.telink.ble.mesh.demo.rels D/Networking: single network pdu: BB:87:67:5C:9B:4F:51:2C:A6:9C:3D:66:DA:20:9B:3C:3C:07:57:4A
2025-10-16 16:47:58.428 29083-29083/com.telink.ble.mesh.demo.rels D/Networking: networking pdu prepared: BB:87:67:5C:9B:4F:51:2C:A6:9C:3D:66:DA:20:9B:3C:3C:07:57:4A busy?-false
2025-10-16 16:47:58.428 29083-29083/com.telink.ble.mesh.demo.rels D/Networking: networking pdu poll: BB:87:67:5C:9B:4F:51:2C:A6:9C:3D:66:DA:20:9B:3C:3C:07:57:4A
2025-10-16 16:47:58.428 29083-29083/com.telink.ble.mesh.demo.rels D/GATT: send unsegment pkt: 00:BB:87:67:5C:9B:4F:51:2C:A6:9C:3D:66:DA:20:9B:3C:3C:07:57:4A
2025-10-16 16:47:58.431 29083-29083/com.telink.ble.mesh.demo.rels D/SIG-Mesh: event handle: com.telink.sig.mesh.EVENT_TYPE_CMD_PROCESSING
2025-10-16 16:47:58.438 29083-29083/com.telink.ble.mesh.demo.rels D/SIG-Mesh: set primary color : 16
2025-10-16 16:47:58.485 29083-31668/com.telink.ble.mesh.demo.rels D/GATT: completed notification data: 00:BB:BE:A8:A1:8F:72:BA:7F:0F:80:18:72:45:3C:1B:E3:08:50:77:D5:73
2025-10-16 16:47:58.486 29083-31668/com.telink.ble.mesh.demo.rels D/Networking: getAcceptedIvIndex : 00000001 ivi: 1
2025-10-16 16:47:58.487 29083-31668/com.telink.ble.mesh.demo.rels D/Networking: network pdu: NetworkLayerPDU{ivi=1, nid=59, ctl=0, ttl=10, seq=0x27, src=16, dst=1, transportPDU=4E447A8F61556B59}
2025-10-16 16:47:58.487 29083-31668/com.telink.ble.mesh.demo.rels D/Networking: put init sequence number
2025-10-16 16:47:58.487 29083-31668/com.telink.ble.mesh.demo.rels D/Networking: parse access message
2025-10-16 16:47:58.487 29083-31668/com.telink.ble.mesh.demo.rels D/Networking: parse unsegmented access message
2025-10-16 16:47:58.488 29083-29083/com.telink.ble.mesh.demo.rels D/VRI[MainActivity]: onFocusEvent true
2025-10-16 16:47:58.488 29083-31668/com.telink.ble.mesh.demo.rels D/Networking: access pdu received at 0x0010: opcode -- 0x0482 params -- 01
2025-10-16 16:47:58.488 29083-31668/com.telink.ble.mesh.demo.rels D/Networking: clear network buffer
2025-10-16 16:47:58.488 29083-31668/com.telink.ble.mesh.demo.rels D/Networking: Reliable Message Complete: 000182 success?: true
2025-10-16 16:47:58.489 29083-31668/com.telink.ble.mesh.demo.rels D/SIG-Mesh: event handle: com.telink.sig.mesh.EVENT_TYPE_CMD_COMPLETE
2025-10-16 16:47:58.489 29083-31668/com.telink.ble.mesh.demo.rels D/MeshController: mesh model message received: src -- 0x0010 | dst -- 0x0001 | opcode -- 0x0482 | params -- 01 | action mode -- AUTO_CONNECT
2025-10-16 16:47:58.490 29083-31668/com.telink.ble.mesh.demo.rels D/MeshController: mesh message notification: com.telink.ble.mesh.core.message.generic.OnOffStatusMessage
2025-10-16 16:47:58.490 29083-31668/com.telink.ble.mesh.demo.rels D/SIG-Mesh: event handle: com.telink.ble.mesh.core.message.generic.OnOffStatusMessage
2025-10-16 16:47:58.512 29083-29083/com.telink.ble.mesh.demo.rels D/SIG-Mesh: set primary color : 16
2025-10-16 16:47:58.921 29083-31665/com.telink.ble.mesh.demo.rels D/VRI[DeviceProvisionActivity]: dispatchAppVisibility visible:false
2025-10-16 16:47:58.928 29083-31685/com.telink.ble.mesh.demo.rels D/BufferQueueProducer: [VRI[DeviceProvisionActivity]#2(BLAST Consumer)2](id:719b00000002,api:1,p:29083,c:29083) disconnect: api 1
2025-10-16 16:47:58.945 29083-29083/com.telink.ble.mesh.demo.rels D/BufferQueueConsumer: [VRI[DeviceProvisionActivity]#2(BLAST Consumer)2](id:719b00000002,api:0,p:-1,c:29083) disconnect
2025-10-16 16:47:58.948 29083-29083/com.telink.ble.mesh.demo.rels D/VRI[DeviceProvisionActivity]: setWindowStopped stopped:true
2025-10-16 16:47:58.951 29083-29083/com.telink.ble.mesh.demo.rels W/SIG-Mesh: DeviceProvisionActivity onDestroy
2025-10-16 16:47:58.952 29083-29083/com.telink.ble.mesh.demo.rels D/OplusScrollToTopManager: unregisterGuidePopupDismissReceiverInSystemUI
2025-10-16 16:47:58.952 29083-29083/com.telink.ble.mesh.demo.rels D/OplusScrollToTopManager: Receiver not registered: android.view.OplusScrollToTopManager$1@eb2b1a1
2025-10-16 16:47:58.952 29083-29083/com.telink.ble.mesh.demo.rels D/OplusScrollToTopManager: unregisterSystemUIBroadcastReceiver 
2025-10-16 16:47:58.953 29083-29083/com.telink.ble.mesh.demo.rels D/OplusScrollToTopManager: java.lang.IllegalArgumentException: Receiver not registered: android.view.OplusScrollToTopManager$2@7badfc6
2025-10-16 16:47:59.937 29083-29083/com.telink.ble.mesh.demo.rels D/MeshController: send mesh message: TimeSetMessage opcode: 0x005D -- dst: 0xFFFF isReliable: false retryCnt: 2 rspMax: 1
2025-10-16 16:47:59.939 29083-29083/com.telink.ble.mesh.demo.rels D/Networking: post access pdu: 5DBF6D8330000000000060
2025-10-16 16:47:59.939 29083-29083/com.telink.ble.mesh.demo.rels D/Networking: getTransmitIvIndex : 00000001
2025-10-16 16:47:59.940 29083-29083/com.telink.ble.mesh.demo.rels D/Networking: upper transport pdu: D0204D4318A1AC0EAEA15F1BC708A8
2025-10-16 16:47:59.940 29083-29083/com.telink.ble.mesh.demo.rels D/Networking: send unsegmented access message
2025-10-16 16:47:59.941 29083-29083/com.telink.ble.mesh.demo.rels D/Networking: single network pdu: BB:3C:93:1B:1A:E9:53:D4:9A:D5:5A:FF:04:DA:EF:6F:88:0B:04:83:3C:C7:1F:25:51:B4:D1:F6:FF
2025-10-16 16:47:59.941 29083-29083/com.telink.ble.mesh.demo.rels D/Networking: networking pdu prepared: BB:3C:93:1B:1A:E9:53:D4:9A:D5:5A:FF:04:DA:EF:6F:88:0B:04:83:3C:C7:1F:25:51:B4:D1:F6:FF busy?-false
2025-10-16 16:47:59.942 29083-29083/com.telink.ble.mesh.demo.rels D/Networking: networking pdu poll: BB:3C:93:1B:1A:E9:53:D4:9A:D5:5A:FF:04:DA:EF:6F:88:0B:04:83:3C:C7:1F:25:51:B4:D1:F6:FF
2025-10-16 16:47:59.942 29083-29083/com.telink.ble.mesh.demo.rels D/GATT: send unsegment pkt: 00:BB:3C:93:1B:1A:E9:53:D4:9A:D5:5A:FF:04:DA:EF:6F:88:0B:04:83:3C:C7:1F:25:51:B4:D1:F6:FF
2025-10-16 16:48:00.191 29083-31702/com.telink.ble.mesh.demo.rels D/Networking: networking pdu poll: null
