2025-10-16 16:47:33.150 29083-29083/com.telink.ble.mesh.demo.rels D/OplusInputMethodManagerInternal: get inputMethodManager extension: com.android.internal.view.IInputMethodManager$Stub$Proxy@43870c2
2025-10-16 16:47:33.192 29083-29083/com.telink.ble.mesh.demo.rels W/SIG-Mesh: DeviceProvisionActivity onCreate
2025-10-16 16:47:33.202 29083-29083/com.telink.ble.mesh.demo.rels I/oplus.android.OplusFrameworkFactoryImpl: get feature:IOplusDynamicVsyncFeature
2025-10-16 16:47:33.202 29083-29083/com.telink.ble.mesh.demo.rels I/oplus.android.OplusFrameworkFactoryImpl: get feature:IOplusDynamicVsyncFeature
2025-10-16 16:47:33.202 29083-29083/com.telink.ble.mesh.demo.rels I/oplus.android.OplusFrameworkFactoryImpl: get feature:IOplusDynamicVsyncFeature
2025-10-16 16:47:33.208 29083-29083/com.telink.ble.mesh.demo.rels D/SIG-Mesh: enableUI scanning-TRUE enable-FALSE
2025-10-16 16:47:33.208 29083-29083/com.telink.ble.mesh.demo.rels D/MeshController: ---idle--- false
2025-10-16 16:47:33.208 29083-29083/com.telink.ble.mesh.demo.rels W/SIG-Mesh: mode not changed : IDLE
2025-10-16 16:47:33.211 29083-29083/com.telink.ble.mesh.demo.rels D/GATT: refresh error: gatt null
2025-10-16 16:47:33.211 29083-29083/com.telink.ble.mesh.demo.rels D/MeshController: start scan: SCAN
2025-10-16 16:47:33.211 29083-31702/com.telink.ble.mesh.demo.rels D/BluetoothAdapter: startLeScan(): [00001827-0000-1000-8000-00805f9b34fb]
2025-10-16 16:47:33.211 29083-31702/com.telink.ble.mesh.demo.rels D/BluetoothAdapter: startLeScan(): called by: com.telink.ble.mesh.demo.rels
2025-10-16 16:47:33.212 29083-31702/com.telink.ble.mesh.demo.rels D/BluetoothAdapter: isLeEnabled(): ON
2025-10-16 16:47:33.213 29083-29083/com.telink.ble.mesh.demo.rels W/SIG-Mesh: DeviceProvisionActivity onResume
2025-10-16 16:47:33.215 29083-29083/com.telink.ble.mesh.demo.rels D/WindowManager: Add to mViews: DecorView@bc323ad[DeviceProvisionActivity],pkg= com.telink.ble.mesh.demo.rels
2025-10-16 16:47:33.216 29083-31665/com.telink.ble.mesh.demo.rels D/BluetoothLeScanner: onScannerRegistered() - status=0 scannerId=8 mScannerId=0
2025-10-16 16:47:33.218 29083-29083/com.telink.ble.mesh.demo.rels D/InputEventReceiver: Input log is disabled
2025-10-16 16:47:33.219 29083-29083/com.telink.ble.mesh.demo.rels D/VRI[MainActivity]: onFocusEvent false
2025-10-16 16:47:33.220 29083-29083/com.telink.ble.mesh.demo.rels I/Quality: Skipped: false 2 cost 32.62271 refreshRate 11055696 processName com.telink.ble.mesh.demo.rels
2025-10-16 16:47:33.229 29083-29083/com.telink.ble.mesh.demo.rels D/BufferQueueConsumer: [](id:719b00000002,api:0,p:-1,c:29083) connect: controlledByApp=false
2025-10-16 16:47:33.229 29083-29083/com.telink.ble.mesh.demo.rels E/IPCThreadState: attemptIncStrongHandle(56): Not supported
2025-10-16 16:47:33.230 29083-31685/com.telink.ble.mesh.demo.rels D/BufferQueueProducer: [VRI[DeviceProvisionActivity]#2(BLAST Consumer)2](id:719b00000002,api:1,p:29083,c:29083) connect: api=1 producerControlledByApp=true
2025-10-16 16:47:33.232 29083-29083/com.telink.ble.mesh.demo.rels D/VRI[DeviceProvisionActivity]: registerCallbacksForSync syncBuffer=false
2025-10-16 16:47:33.235 29083-31685/com.telink.ble.mesh.demo.rels D/VRI[DeviceProvisionActivity]: Received frameCommittedCallback lastAttemptedDrawFrameNum=1 didProduceBuffer=true syncBuffer=false
2025-10-16 16:47:33.235 29083-31685/com.telink.ble.mesh.demo.rels W/Parcel: Expecting binder but got null!
2025-10-16 16:47:33.236 29083-29083/com.telink.ble.mesh.demo.rels D/VRI[DeviceProvisionActivity]: draw finished.
2025-10-16 16:47:33.239 29083-29083/com.telink.ble.mesh.demo.rels I/Quality: Skipped: false 1 cost 18.89994 refreshRate 11053989 processName com.telink.ble.mesh.demo.rels
2025-10-16 16:47:33.249 29083-29083/com.telink.ble.mesh.demo.rels D/VRI[DeviceProvisionActivity]: registerCallbacksForSync syncBuffer=false
2025-10-16 16:47:33.251 29083-31685/com.telink.ble.mesh.demo.rels D/VRI[DeviceProvisionActivity]: Received frameCommittedCallback lastAttemptedDrawFrameNum=2 didProduceBuffer=true syncBuffer=false
2025-10-16 16:47:33.251 29083-29083/com.telink.ble.mesh.demo.rels D/VRI[DeviceProvisionActivity]: draw finished.
2025-10-16 16:47:33.316 29083-31660/com.telink.ble.mesh.demo.rels I/.mesh.demo.rels: Compiler allocated 4937KB to compile void android.view.ViewRootImpl.performTraversals()
2025-10-16 16:47:33.325 29083-29083/com.telink.ble.mesh.demo.rels D/VRI[DeviceProvisionActivity]: onFocusEvent true
2025-10-16 16:47:33.712 29083-31693/com.telink.ble.mesh.demo.rels D/VRI[MainActivity]: dispatchAppVisibility visible:false
2025-10-16 16:47:33.719 29083-31685/com.telink.ble.mesh.demo.rels D/BufferQueueProducer: [VRI[MainActivity]#1(BLAST Consumer)1](id:719b00000001,api:1,p:29083,c:29083) disconnect: api 1
2025-10-16 16:47:33.723 29083-29083/com.telink.ble.mesh.demo.rels D/BufferQueueConsumer: [VRI[MainActivity]#1(BLAST Consumer)1](id:719b00000001,api:0,p:-1,c:29083) disconnect
2025-10-16 16:47:33.726 29083-29083/com.telink.ble.mesh.demo.rels D/SIG-Mesh: main - onSaveInstanceState
2025-10-16 16:47:33.726 29083-29083/com.telink.ble.mesh.demo.rels D/VRI[MainActivity]: setWindowStopped stopped:true
2025-10-16 16:47:34.333 29083-29083/com.telink.ble.mesh.demo.rels D/MeshController: scan:BLCMP --mac: FF:FF:BB:CC:DD:71 --record: 02:01:06:03:03:27:18:15:16:27:18:15:F0:B8:50:2A:E6:59:35:93:14:71:DD:CC:BB:FF:FF:00:00:0B:FF:11:02:71:DD:CC:BB:FF:FF:71:5D:06:09:42:4C:43:4D:50:00:00:00:00:00:00:00:00:00:00:00:00:00:00
2025-10-16 16:47:34.336 29083-29083/com.telink.ble.mesh.demo.rels D/MeshController: on device found: FF:FF:BB:CC:DD:71
2025-10-16 16:47:34.337 29083-29083/com.telink.ble.mesh.demo.rels D/SIG-Mesh: event handle: com.telink.ble.mesh.EVENT_TYPE_DEVICE_FOUND
2025-10-16 16:47:34.338 29083-29083/com.telink.ble.mesh.demo.rels D/SIG-Mesh: device mac - FF:FF:BB:CC:DD:71
2025-10-16 16:47:34.338 29083-29083/com.telink.ble.mesh.demo.rels D/SIG-Mesh: device found -> device uuid : 15F0B8502AE65935931471DDCCBBFFFF -- oobInfo: 0 -- certSupported?false
2025-10-16 16:47:34.379 29083-29083/com.telink.ble.mesh.demo.rels I/oplus.android.OplusFrameworkFactoryImpl: get feature:IOplusDynamicVsyncFeature
2025-10-16 16:47:34.379 29083-29083/com.telink.ble.mesh.demo.rels I/oplus.android.OplusFrameworkFactoryImpl: get feature:IOplusDynamicVsyncFeature
2025-10-16 16:47:34.379 29083-29083/com.telink.ble.mesh.demo.rels I/oplus.android.OplusFrameworkFactoryImpl: get feature:IOplusDynamicVsyncFeature
2025-10-16 16:47:34.385 29083-29083/com.telink.ble.mesh.demo.rels W/.mesh.demo.rels: Accessing hidden field Landroid/view/View;->mAccessibilityDelegate:Landroid/view/View$AccessibilityDelegate; (unsupported, reflection, allowed)
2025-10-16 16:47:34.416 29083-29083/com.telink.ble.mesh.demo.rels D/MeshController: scan:null --mac: AA:AA:AA:AA:AC:10 --record: 02:01:06:03:03:27:18:15:16:27:18:9E:B1:7D:28:60:F3:4A:3A:A4:37:10:AC:AA:AA:AA:AA:00:00:1E:FF:11:02:10:AC:AA:AA:AA:AA:10:2C:00:00:00:00:00:00:00:00:00:00:00:00:00:00:00:00:00:00:00:00:00
2025-10-16 16:47:34.417 29083-29083/com.telink.ble.mesh.demo.rels D/MeshController: on device found: AA:AA:AA:AA:AC:10
2025-10-16 16:47:34.417 29083-29083/com.telink.ble.mesh.demo.rels D/SIG-Mesh: event handle: com.telink.ble.mesh.EVENT_TYPE_DEVICE_FOUND
2025-10-16 16:47:34.418 29083-29083/com.telink.ble.mesh.demo.rels D/SIG-Mesh: device mac - AA:AA:AA:AA:AC:10
2025-10-16 16:47:34.418 29083-29083/com.telink.ble.mesh.demo.rels D/SIG-Mesh: device found -> device uuid : 9EB17D2860F34A3AA43710ACAAAAAAAA -- oobInfo: 0 -- certSupported?false
2025-10-16 16:47:34.450 29083-29083/com.telink.ble.mesh.demo.rels I/oplus.android.OplusFrameworkFactoryImpl: get feature:IOplusDynamicVsyncFeature
2025-10-16 16:47:34.450 29083-29083/com.telink.ble.mesh.demo.rels I/oplus.android.OplusFrameworkFactoryImpl: get feature:IOplusDynamicVsyncFeature
2025-10-16 16:47:34.451 29083-29083/com.telink.ble.mesh.demo.rels I/oplus.android.OplusFrameworkFactoryImpl: get feature:IOplusDynamicVsyncFeature
2025-10-16 16:47:34.500 29083-29083/com.telink.ble.mesh.demo.rels D/MeshController: scan:BLCMP --mac: FF:FF:BB:CC:DD:71 --record: 02:01:06:03:03:27:18:15:16:27:18:15:F0:B8:50:2A:E6:59:35:93:14:71:DD:CC:BB:FF:FF:00:00:0B:FF:11:02:71:DD:CC:BB:FF:FF:71:5D:06:09:42:4C:43:4D:50:00:00:00:00:00:00:00:00:00:00:00:00:00:00
2025-10-16 16:47:34.500 29083-29083/com.telink.ble.mesh.demo.rels D/MeshController: on device found: FF:FF:BB:CC:DD:71
2025-10-16 16:47:34.501 29083-29083/com.telink.ble.mesh.demo.rels D/MeshController: Device already exist
2025-10-16 16:47:34.793 29083-29083/com.telink.ble.mesh.demo.rels D/MeshController: scan:null --mac: AA:AA:AA:AA:AC:10 --record: 02:01:06:03:03:27:18:15:16:27:18:9E:B1:7D:28:60:F3:4A:3A:A4:37:10:AC:AA:AA:AA:AA:00:00:1E:FF:11:02:10:AC:AA:AA:AA:AA:10:2C:00:00:00:00:00:00:00:00:00:00:00:00:00:00:00:00:00:00:00:00:00
2025-10-16 16:47:34.793 29083-29083/com.telink.ble.mesh.demo.rels D/MeshController: on device found: AA:AA:AA:AA:AC:10
2025-10-16 16:47:34.793 29083-29083/com.telink.ble.mesh.demo.rels D/MeshController: Device already exist
2025-10-16 16:47:34.877 29083-29083/com.telink.ble.mesh.demo.rels D/MeshController: scan:BLCMP --mac: FF:FF:BB:CC:DD:71 --record: 02:01:06:03:03:27:18:15:16:27:18:15:F0:B8:50:2A:E6:59:35:93:14:71:DD:CC:BB:FF:FF:00:00:0B:FF:11:02:71:DD:CC:BB:FF:FF:71:5D:06:09:42:4C:43:4D:50:00:00:00:00:00:00:00:00:00:00:00:00:00:00
2025-10-16 16:47:34.878 29083-29083/com.telink.ble.mesh.demo.rels D/MeshController: on device found: FF:FF:BB:CC:DD:71
2025-10-16 16:47:34.878 29083-29083/com.telink.ble.mesh.demo.rels D/MeshController: Device already exist
2025-10-16 16:47:35.102 29083-29083/com.telink.ble.mesh.demo.rels D/MeshController: scan:null --mac: AA:AA:AA:AA:AC:10 --record: 02:01:06:03:03:27:18:15:16:27:18:9E:B1:7D:28:60:F3:4A:3A:A4:37:10:AC:AA:AA:AA:AA:00:00:1E:FF:11:02:10:AC:AA:AA:AA:AA:10:2C:00:00:00:00:00:00:00:00:00:00:00:00:00:00:00:00:00:00:00:00:00
2025-10-16 16:47:35.103 29083-29083/com.telink.ble.mesh.demo.rels D/MeshController: on device found: AA:AA:AA:AA:AC:10
2025-10-16 16:47:35.103 29083-29083/com.telink.ble.mesh.demo.rels D/MeshController: Device already exist
2025-10-16 16:47:35.228 29083-29083/com.telink.ble.mesh.demo.rels D/MeshController: scan:BLCMP --mac: FF:FF:BB:CC:DD:71 --record: 02:01:06:03:03:27:18:15:16:27:18:15:F0:B8:50:2A:E6:59:35:93:14:71:DD:CC:BB:FF:FF:00:00:0B:FF:11:02:71:DD:CC:BB:FF:FF:71:5D:06:09:42:4C:43:4D:50:00:00:00:00:00:00:00:00:00:00:00:00:00:00
2025-10-16 16:47:35.229 29083-29083/com.telink.ble.mesh.demo.rels D/MeshController: on device found: FF:FF:BB:CC:DD:71
2025-10-16 16:47:35.229 29083-29083/com.telink.ble.mesh.demo.rels D/MeshController: Device already exist
2025-10-16 16:47:35.580 29083-29083/com.telink.ble.mesh.demo.rels D/MeshController: scan:BLCMP --mac: FF:FF:BB:CC:DD:71 --record: 02:01:06:03:03:27:18:15:16:27:18:15:F0:B8:50:2A:E6:59:35:93:14:71:DD:CC:BB:FF:FF:00:00:0B:FF:11:02:71:DD:CC:BB:FF:FF:71:5D:06:09:42:4C:43:4D:50:00:00:00:00:00:00:00:00:00:00:00:00:00:00
2025-10-16 16:47:35.581 29083-29083/com.telink.ble.mesh.demo.rels D/MeshController: on device found: FF:FF:BB:CC:DD:71
2025-10-16 16:47:35.581 29083-29083/com.telink.ble.mesh.demo.rels D/MeshController: Device already exist
2025-10-16 16:47:35.751 29083-29083/com.telink.ble.mesh.demo.rels D/MeshController: scan:BLCMP --mac: FF:FF:BB:CC:DD:71 --record: 02:01:06:03:03:27:18:15:16:27:18:15:F0:B8:50:2A:E6:59:35:93:14:71:DD:CC:BB:FF:FF:00:00:0B:FF:11:02:71:DD:CC:BB:FF:FF:71:5D:06:09:42:4C:43:4D:50:00:00:00:00:00:00:00:00:00:00:00:00:00:00
2025-10-16 16:47:35.752 29083-29083/com.telink.ble.mesh.demo.rels D/MeshController: on device found: FF:FF:BB:CC:DD:71
2025-10-16 16:47:35.752 29083-29083/com.telink.ble.mesh.demo.rels D/MeshController: Device already exist
2025-10-16 16:47:35.787 29083-31661/com.telink.ble.mesh.demo.rels W/.mesh.demo.rels: Cleared Reference was only reachable from finalizer (only reported once)
2025-10-16 16:47:35.853 29083-29083/com.telink.ble.mesh.demo.rels D/MeshController: scan:null --mac: AA:AA:AA:AA:AC:10 --record: 02:01:06:03:03:27:18:15:16:27:18:9E:B1:7D:28:60:F3:4A:3A:A4:37:10:AC:AA:AA:AA:AA:00:00:1E:FF:11:02:10:AC:AA:AA:AA:AA:10:2C:00:00:00:00:00:00:00:00:00:00:00:00:00:00:00:00:00:00:00:00:00
2025-10-16 16:47:35.853 29083-29083/com.telink.ble.mesh.demo.rels D/MeshController: on device found: AA:AA:AA:AA:AC:10
2025-10-16 16:47:35.853 29083-29083/com.telink.ble.mesh.demo.rels D/MeshController: Device already exist
2025-10-16 16:47:35.931 29083-29083/com.telink.ble.mesh.demo.rels D/MeshController: scan:BLCMP --mac: FF:FF:BB:CC:DD:71 --record: 02:01:06:03:03:27:18:15:16:27:18:15:F0:B8:50:2A:E6:59:35:93:14:71:DD:CC:BB:FF:FF:00:00:0B:FF:11:02:71:DD:CC:BB:FF:FF:71:5D:06:09:42:4C:43:4D:50:00:00:00:00:00:00:00:00:00:00:00:00:00:00
2025-10-16 16:47:35.932 29083-29083/com.telink.ble.mesh.demo.rels D/MeshController: on device found: FF:FF:BB:CC:DD:71
2025-10-16 16:47:35.932 29083-29083/com.telink.ble.mesh.demo.rels D/MeshController: Device already exist
2025-10-16 16:47:36.116 29083-29083/com.telink.ble.mesh.demo.rels D/MeshController: scan:BLCMP --mac: FF:FF:BB:CC:DD:71 --record: 02:01:06:03:03:27:18:15:16:27:18:15:F0:B8:50:2A:E6:59:35:93:14:71:DD:CC:BB:FF:FF:00:00:0B:FF:11:02:71:DD:CC:BB:FF:FF:71:5D:06:09:42:4C:43:4D:50:00:00:00:00:00:00:00:00:00:00:00:00:00:00
2025-10-16 16:47:36.117 29083-29083/com.telink.ble.mesh.demo.rels D/MeshController: on device found: FF:FF:BB:CC:DD:71
2025-10-16 16:47:36.117 29083-29083/com.telink.ble.mesh.demo.rels D/MeshController: Device already exist
2025-10-16 16:47:36.505 29083-29083/com.telink.ble.mesh.demo.rels D/MeshController: scan:BLCMP --mac: FF:FF:BB:CC:DD:71 --record: 02:01:06:03:03:27:18:15:16:27:18:15:F0:B8:50:2A:E6:59:35:93:14:71:DD:CC:BB:FF:FF:00:00:0B:FF:11:02:71:DD:CC:BB:FF:FF:71:5D:06:09:42:4C:43:4D:50:00:00:00:00:00:00:00:00:00:00:00:00:00:00
2025-10-16 16:47:36.506 29083-29083/com.telink.ble.mesh.demo.rels D/MeshController: on device found: FF:FF:BB:CC:DD:71
2025-10-16 16:47:36.506 29083-29083/com.telink.ble.mesh.demo.rels D/MeshController: Device already exist
2025-10-16 16:47:36.858 29083-29083/com.telink.ble.mesh.demo.rels D/MeshController: scan:BLCMP --mac: FF:FF:BB:CC:DD:71 --record: 02:01:06:03:03:27:18:15:16:27:18:15:F0:B8:50:2A:E6:59:35:93:14:71:DD:CC:BB:FF:FF:00:00:0B:FF:11:02:71:DD:CC:BB:FF:FF:71:5D:06:09:42:4C:43:4D:50:00:00:00:00:00:00:00:00:00:00:00:00:00:00
2025-10-16 16:47:36.859 29083-29083/com.telink.ble.mesh.demo.rels D/MeshController: on device found: FF:FF:BB:CC:DD:71
2025-10-16 16:47:36.859 29083-29083/com.telink.ble.mesh.demo.rels D/MeshController: Device already exist
2025-10-16 16:47:36.924 29083-29083/com.telink.ble.mesh.demo.rels D/MeshController: scan:null --mac: AA:AA:AA:AA:AC:10 --record: 02:01:06:03:03:27:18:15:16:27:18:9E:B1:7D:28:60:F3:4A:3A:A4:37:10:AC:AA:AA:AA:AA:00:00:1E:FF:11:02:10:AC:AA:AA:AA:AA:10:2C:00:00:00:00:00:00:00:00:00:00:00:00:00:00:00:00:00:00:00:00:00
2025-10-16 16:47:36.925 29083-29083/com.telink.ble.mesh.demo.rels D/MeshController: on device found: AA:AA:AA:AA:AC:10
2025-10-16 16:47:36.925 29083-29083/com.telink.ble.mesh.demo.rels D/MeshController: Device already exist
2025-10-16 16:47:37.207 29083-29083/com.telink.ble.mesh.demo.rels D/MeshController: scan:BLCMP --mac: FF:FF:BB:CC:DD:71 --record: 02:01:06:03:03:27:18:15:16:27:18:15:F0:B8:50:2A:E6:59:35:93:14:71:DD:CC:BB:FF:FF:00:00:0B:FF:11:02:71:DD:CC:BB:FF:FF:71:5D:06:09:42:4C:43:4D:50:00:00:00:00:00:00:00:00:00:00:00:00:00:00
2025-10-16 16:47:37.208 29083-29083/com.telink.ble.mesh.demo.rels D/MeshController: on device found: FF:FF:BB:CC:DD:71
2025-10-16 16:47:37.208 29083-29083/com.telink.ble.mesh.demo.rels D/MeshController: Device already exist
2025-10-16 16:47:38.005 29083-29083/com.telink.ble.mesh.demo.rels D/MeshController: scan:BLCMP --mac: FF:FF:BB:CC:DD:71 --record: 02:01:06:03:03:27:18:15:16:27:18:15:F0:B8:50:2A:E6:59:35:93:14:71:DD:CC:BB:FF:FF:00:00:0B:FF:11:02:71:DD:CC:BB:FF:FF:71:5D:06:09:42:4C:43:4D:50:00:00:00:00:00:00:00:00:00:00:00:00:00:00
2025-10-16 16:47:38.007 29083-29083/com.telink.ble.mesh.demo.rels D/MeshController: on device found: FF:FF:BB:CC:DD:71
2025-10-16 16:47:38.007 29083-29083/com.telink.ble.mesh.demo.rels D/MeshController: Device already exist
2025-10-16 16:47:38.085 29083-29083/com.telink.ble.mesh.demo.rels D/MeshController: scan:null --mac: AA:AA:AA:AA:AC:10 --record: 02:01:06:03:03:27:18:15:16:27:18:9E:B1:7D:28:60:F3:4A:3A:A4:37:10:AC:AA:AA:AA:AA:00:00:1E:FF:11:02:10:AC:AA:AA:AA:AA:10:2C:00:00:00:00:00:00:00:00:00:00:00:00:00:00:00:00:00:00:00:00:00
2025-10-16 16:47:38.087 29083-29083/com.telink.ble.mesh.demo.rels D/MeshController: on device found: AA:AA:AA:AA:AC:10
2025-10-16 16:47:38.087 29083-29083/com.telink.ble.mesh.demo.rels D/MeshController: Device already exist
2025-10-16 16:47:39.242 29083-29083/com.telink.ble.mesh.demo.rels D/MeshController: scan:null --mac: AA:AA:AA:AA:AC:10 --record: 02:01:06:03:03:27:18:15:16:27:18:9E:B1:7D:28:60:F3:4A:3A:A4:37:10:AC:AA:AA:AA:AA:00:00:1E:FF:11:02:10:AC:AA:AA:AA:AA:10:2C:00:00:00:00:00:00:00:00:00:00:00:00:00:00:00:00:00:00:00:00:00
2025-10-16 16:47:39.243 29083-29083/com.telink.ble.mesh.demo.rels D/MeshController: on device found: AA:AA:AA:AA:AC:10
2025-10-16 16:47:39.243 29083-29083/com.telink.ble.mesh.demo.rels D/MeshController: Device already exist
2025-10-16 16:47:39.604 29083-29083/com.telink.ble.mesh.demo.rels D/MeshController: scan:BLCMP --mac: FF:FF:BB:CC:DD:71 --record: 02:01:06:03:03:27:18:15:16:27:18:15:F0:B8:50:2A:E6:59:35:93:14:71:DD:CC:BB:FF:FF:00:00:0B:FF:11:02:71:DD:CC:BB:FF:FF:71:5D:06:09:42:4C:43:4D:50:00:00:00:00:00:00:00:00:00:00:00:00:00:00
2025-10-16 16:47:39.605 29083-29083/com.telink.ble.mesh.demo.rels D/MeshController: on device found: FF:FF:BB:CC:DD:71
2025-10-16 16:47:39.605 29083-29083/com.telink.ble.mesh.demo.rels D/MeshController: Device already exist
2025-10-16 16:47:39.849 29083-29083/com.telink.ble.mesh.demo.rels D/MeshController: scan:null --mac: AA:AA:AA:AA:AC:10 --record: 02:01:06:03:03:27:18:15:16:27:18:9E:B1:7D:28:60:F3:4A:3A:A4:37:10:AC:AA:AA:AA:AA:00:00:1E:FF:11:02:10:AC:AA:AA:AA:AA:10:2C:00:00:00:00:00:00:00:00:00:00:00:00:00:00:00:00:00:00:00:00:00
2025-10-16 16:47:39.850 29083-29083/com.telink.ble.mesh.demo.rels D/MeshController: on device found: AA:AA:AA:AA:AC:10
2025-10-16 16:47:39.850 29083-29083/com.telink.ble.mesh.demo.rels D/MeshController: Device already exist
2025-10-16 16:47:40.310 29083-29083/com.telink.ble.mesh.demo.rels D/MeshController: scan:BLCMP --mac: FF:FF:BB:CC:DD:71 --record: 02:01:06:03:03:27:18:15:16:27:18:15:F0:B8:50:2A:E6:59:35:93:14:71:DD:CC:BB:FF:FF:00:00:0B:FF:11:02:71:DD:CC:BB:FF:FF:71:5D:06:09:42:4C:43:4D:50:00:00:00:00:00:00:00:00:00:00:00:00:00:00
2025-10-16 16:47:40.311 29083-29083/com.telink.ble.mesh.demo.rels D/MeshController: on device found: FF:FF:BB:CC:DD:71
2025-10-16 16:47:40.311 29083-29083/com.telink.ble.mesh.demo.rels D/MeshController: Device already exist
2025-10-16 16:47:40.424 29083-29083/com.telink.ble.mesh.demo.rels D/MeshController: scan:null --mac: AA:AA:AA:AA:AC:10 --record: 02:01:06:03:03:27:18:15:16:27:18:9E:B1:7D:28:60:F3:4A:3A:A4:37:10:AC:AA:AA:AA:AA:00:00:1E:FF:11:02:10:AC:AA:AA:AA:AA:10:2C:00:00:00:00:00:00:00:00:00:00:00:00:00:00:00:00:00:00:00:00:00
2025-10-16 16:47:40.425 29083-29083/com.telink.ble.mesh.demo.rels D/MeshController: on device found: AA:AA:AA:AA:AC:10
2025-10-16 16:47:40.425 29083-29083/com.telink.ble.mesh.demo.rels D/MeshController: Device already exist
2025-10-16 16:47:40.499 29083-29083/com.telink.ble.mesh.demo.rels D/MeshController: scan:null --mac: AA:AA:AA:AA:AC:10 --record: 02:01:06:03:03:27:18:15:16:27:18:9E:B1:7D:28:60:F3:4A:3A:A4:37:10:AC:AA:AA:AA:AA:00:00:1E:FF:11:02:10:AC:AA:AA:AA:AA:10:2C:00:00:00:00:00:00:00:00:00:00:00:00:00:00:00:00:00:00:00:00:00
2025-10-16 16:47:40.500 29083-29083/com.telink.ble.mesh.demo.rels D/MeshController: on device found: AA:AA:AA:AA:AC:10
2025-10-16 16:47:40.501 29083-29083/com.telink.ble.mesh.demo.rels D/MeshController: Device already exist
2025-10-16 16:47:40.504 29083-29083/com.telink.ble.mesh.demo.rels D/MeshController: scan:BLCMP --mac: FF:FF:BB:CC:DD:71 --record: 02:01:06:03:03:27:18:15:16:27:18:15:F0:B8:50:2A:E6:59:35:93:14:71:DD:CC:BB:FF:FF:00:00:0B:FF:11:02:71:DD:CC:BB:FF:FF:71:5D:06:09:42:4C:43:4D:50:00:00:00:00:00:00:00:00:00:00:00:00:00:00
2025-10-16 16:47:40.504 29083-29083/com.telink.ble.mesh.demo.rels D/MeshController: on device found: FF:FF:BB:CC:DD:71
2025-10-16 16:47:40.504 29083-29083/com.telink.ble.mesh.demo.rels D/MeshController: Device already exist
2025-10-16 16:47:40.859 29083-29083/com.telink.ble.mesh.demo.rels D/MeshController: scan:BLCMP --mac: FF:FF:BB:CC:DD:71 --record: 02:01:06:03:03:27:18:15:16:27:18:15:F0:B8:50:2A:E6:59:35:93:14:71:DD:CC:BB:FF:FF:00:00:0B:FF:11:02:71:DD:CC:BB:FF:FF:71:5D:06:09:42:4C:43:4D:50:00:00:00:00:00:00:00:00:00:00:00:00:00:00
2025-10-16 16:47:40.860 29083-29083/com.telink.ble.mesh.demo.rels D/MeshController: on device found: FF:FF:BB:CC:DD:71
2025-10-16 16:47:40.860 29083-29083/com.telink.ble.mesh.demo.rels D/MeshController: Device already exist
2025-10-16 16:47:41.027 29083-29083/com.telink.ble.mesh.demo.rels D/MeshController: scan:BLCMP --mac: FF:FF:BB:CC:DD:71 --record: 02:01:06:03:03:27:18:15:16:27:18:15:F0:B8:50:2A:E6:59:35:93:14:71:DD:CC:BB:FF:FF:00:00:0B:FF:11:02:71:DD:CC:BB:FF:FF:71:5D:06:09:42:4C:43:4D:50:00:00:00:00:00:00:00:00:00:00:00:00:00:00
2025-10-16 16:47:41.028 29083-29083/com.telink.ble.mesh.demo.rels D/MeshController: on device found: FF:FF:BB:CC:DD:71
2025-10-16 16:47:41.028 29083-29083/com.telink.ble.mesh.demo.rels D/MeshController: Device already exist
2025-10-16 16:47:41.183 29083-29083/com.telink.ble.mesh.demo.rels D/MeshController: scan:null --mac: AA:AA:AA:AA:AC:10 --record: 02:01:06:03:03:27:18:15:16:27:18:9E:B1:7D:28:60:F3:4A:3A:A4:37:10:AC:AA:AA:AA:AA:00:00:1E:FF:11:02:10:AC:AA:AA:AA:AA:10:2C:00:00:00:00:00:00:00:00:00:00:00:00:00:00:00:00:00:00:00:00:00
2025-10-16 16:47:41.185 29083-29083/com.telink.ble.mesh.demo.rels D/MeshController: on device found: AA:AA:AA:AA:AC:10
2025-10-16 16:47:41.185 29083-29083/com.telink.ble.mesh.demo.rels D/MeshController: Device already exist
2025-10-16 16:47:41.329 29083-29083/com.telink.ble.mesh.demo.rels D/MeshController: scan:null --mac: AA:AA:AA:AA:AC:10 --record: 02:01:06:03:03:27:18:15:16:27:18:9E:B1:7D:28:60:F3:4A:3A:A4:37:10:AC:AA:AA:AA:AA:00:00:1E:FF:11:02:10:AC:AA:AA:AA:AA:10:2C:00:00:00:00:00:00:00:00:00:00:00:00:00:00:00:00:00:00:00:00:00
2025-10-16 16:47:41.331 29083-29083/com.telink.ble.mesh.demo.rels D/MeshController: on device found: AA:AA:AA:AA:AC:10
2025-10-16 16:47:41.331 29083-29083/com.telink.ble.mesh.demo.rels D/MeshController: Device already exist
2025-10-16 16:47:41.358 29083-29083/com.telink.ble.mesh.demo.rels D/MeshController: scan:BLCMP --mac: FF:FF:BB:CC:DD:71 --record: 02:01:06:03:03:27:18:15:16:27:18:15:F0:B8:50:2A:E6:59:35:93:14:71:DD:CC:BB:FF:FF:00:00:0B:FF:11:02:71:DD:CC:BB:FF:FF:71:5D:06:09:42:4C:43:4D:50:00:00:00:00:00:00:00:00:00:00:00:00:00:00
2025-10-16 16:47:41.359 29083-29083/com.telink.ble.mesh.demo.rels D/MeshController: on device found: FF:FF:BB:CC:DD:71
2025-10-16 16:47:41.359 29083-29083/com.telink.ble.mesh.demo.rels D/MeshController: Device already exist
2025-10-16 16:47:42.297 29083-29083/com.telink.ble.mesh.demo.rels D/MeshController: scan:null --mac: AA:AA:AA:AA:AC:10 --record: 02:01:06:03:03:27:18:15:16:27:18:9E:B1:7D:28:60:F3:4A:3A:A4:37:10:AC:AA:AA:AA:AA:00:00:1E:FF:11:02:10:AC:AA:AA:AA:AA:10:2C:00:00:00:00:00:00:00:00:00:00:00:00:00:00:00:00:00:00:00:00:00
2025-10-16 16:47:42.298 29083-29083/com.telink.ble.mesh.demo.rels D/MeshController: on device found: AA:AA:AA:AA:AC:10
2025-10-16 16:47:42.298 29083-29083/com.telink.ble.mesh.demo.rels D/MeshController: Device already exist
2025-10-16 16:47:42.609 29083-29083/com.telink.ble.mesh.demo.rels D/MeshController: scan:BLCMP --mac: FF:FF:BB:CC:DD:71 --record: 02:01:06:03:03:27:18:15:16:27:18:15:F0:B8:50:2A:E6:59:35:93:14:71:DD:CC:BB:FF:FF:00:00:0B:FF:11:02:71:DD:CC:BB:FF:FF:71:5D:06:09:42:4C:43:4D:50:00:00:00:00:00:00:00:00:00:00:00:00:00:00
2025-10-16 16:47:42.610 29083-29083/com.telink.ble.mesh.demo.rels D/MeshController: on device found: FF:FF:BB:CC:DD:71
2025-10-16 16:47:42.611 29083-29083/com.telink.ble.mesh.demo.rels D/MeshController: Device already exist
2025-10-16 16:47:42.813 29083-29083/com.telink.ble.mesh.demo.rels D/MeshController: scan:null --mac: AA:AA:AA:AA:AC:10 --record: 02:01:06:03:03:27:18:15:16:27:18:9E:B1:7D:28:60:F3:4A:3A:A4:37:10:AC:AA:AA:AA:AA:00:00:1E:FF:11:02:10:AC:AA:AA:AA:AA:10:2C:00:00:00:00:00:00:00:00:00:00:00:00:00:00:00:00:00:00:00:00:00
2025-10-16 16:47:42.814 29083-29083/com.telink.ble.mesh.demo.rels D/MeshController: on device found: AA:AA:AA:AA:AC:10
2025-10-16 16:47:42.814 29083-29083/com.telink.ble.mesh.demo.rels D/MeshController: Device already exist
2025-10-16 16:47:43.178 29083-29083/com.telink.ble.mesh.demo.rels D/MeshController: scan:BLCMP --mac: FF:FF:BB:CC:DD:71 --record: 02:01:06:03:03:27:18:15:16:27:18:15:F0:B8:50:2A:E6:59:35:93:14:71:DD:CC:BB:FF:FF:00:00:0B:FF:11:02:71:DD:CC:BB:FF:FF:71:5D:06:09:42:4C:43:4D:50:00:00:00:00:00:00:00:00:00:00:00:00:00:00
2025-10-16 16:47:43.179 29083-29083/com.telink.ble.mesh.demo.rels D/MeshController: on device found: FF:FF:BB:CC:DD:71
2025-10-16 16:47:43.179 29083-29083/com.telink.ble.mesh.demo.rels D/MeshController: Device already exist
2025-10-16 16:47:43.231 29083-31702/com.telink.ble.mesh.demo.rels D/BluetoothAdapter: stopLeScan()
2025-10-16 16:47:43.231 29083-31702/com.telink.ble.mesh.demo.rels D/BluetoothAdapter: stopLeScan(): called by: com.telink.ble.mesh.demo.rels
2025-10-16 16:47:43.232 29083-31702/com.telink.ble.mesh.demo.rels D/BluetoothAdapter: isLeEnabled(): ON
2025-10-16 16:47:43.250 29083-31702/com.telink.ble.mesh.demo.rels D/MeshController: scanning timeout: SCAN
2025-10-16 16:47:43.252 29083-31702/com.telink.ble.mesh.demo.rels D/MeshController: ---idle--- false
2025-10-16 16:47:43.252 29083-31702/com.telink.ble.mesh.demo.rels D/SIG-Mesh: event handle: com.telink.ble.mesh.EVENT_TYPE_SCAN_TIMEOUT
2025-10-16 16:47:43.253 29083-29083/com.telink.ble.mesh.demo.rels D/SIG-Mesh: enableUI scanning-FALSE enable-TRUE
2025-10-16 16:47:43.253 29083-29083/com.telink.ble.mesh.demo.rels D/MeshController: ---idle--- false
2025-10-16 16:47:43.253 29083-29083/com.telink.ble.mesh.demo.rels W/SIG-Mesh: mode not changed : IDLE
2025-10-16 16:47:45.126 29083-29083/com.telink.ble.mesh.demo.rels D/AutofillManager: Fill dialog is enabled:false, hints=[]
2025-10-16 16:47:45.262 29083-29083/com.telink.ble.mesh.demo.rels D/SIG-Mesh: enableUI scanning-FALSE enable-FALSE
2025-10-16 16:47:45.262 29083-29083/com.telink.ble.mesh.demo.rels D/MeshController: ---idle--- false
2025-10-16 16:47:45.262 29083-29083/com.telink.ble.mesh.demo.rels W/SIG-Mesh: mode not changed : IDLE
2025-10-16 16:47:45.266 29083-29083/com.telink.ble.mesh.demo.rels D/SIG-Mesh: alloc address: 16
2025-10-16 16:47:45.270 29083-29083/com.telink.ble.mesh.demo.rels D/SIG-Mesh: provisioning device: ProvisioningDevice{deviceUUID=15F0B8502AE65935931471DDCCBBFFFF, oobInfo=0b0, networkKey=, networkKeyIndex=0, keyRefreshFlag=0, ivUpdateFlag=0, ivIndex=0x0, unicastAddress=0x10, authValue=, autoUseNoOOB=true, provisioningState=0, deviceKey=}
2025-10-16 16:47:45.270 29083-29083/com.telink.ble.mesh.demo.rels D/MeshController: start provision
2025-10-16 16:47:45.270 29083-29083/com.telink.ble.mesh.demo.rels D/GATT: refresh error: gatt null
2025-10-16 16:47:45.270 29083-29083/com.telink.ble.mesh.demo.rels D/GATT: refresh error: gatt null
2025-10-16 16:47:45.271 29083-29083/com.telink.ble.mesh.demo.rels D/GATT:  already disconnected -- 
2025-10-16 16:47:45.272 29083-29083/com.telink.ble.mesh.demo.rels D/BluetoothGatt: connect() - device: FF:FF:BB:CC:DD:71, auto: false, eattSupport: false
2025-10-16 16:47:45.272 29083-29083/com.telink.ble.mesh.demo.rels D/BluetoothGatt: registerApp()
2025-10-16 16:47:45.272 29083-29083/com.telink.ble.mesh.demo.rels D/BluetoothGatt: registerApp() - UUID=eba64503-8f48-4720-89ff-5580ba7df729
2025-10-16 16:47:45.275 29083-31665/com.telink.ble.mesh.demo.rels D/BluetoothGatt: onClientRegistered() - status=0 clientIf=8
2025-10-16 16:47:45.472 29083-31693/com.telink.ble.mesh.demo.rels D/BluetoothGatt: onClientConnectionState() - status=0 clientIf=8 device=FF:FF:BB:CC:DD:71
2025-10-16 16:47:45.473 29083-31693/com.telink.ble.mesh.demo.rels D/GATT: onConnectionStateChange  status :0 state : 2
2025-10-16 16:47:45.783 29083-31702/com.telink.ble.mesh.demo.rels D/BluetoothGatt: discoverServices() - device: FF:FF:BB:CC:DD:71
2025-10-16 16:47:45.787 29083-31702/com.telink.ble.mesh.demo.rels D/GATT: start services discovering
2025-10-16 16:47:46.033 29083-31665/com.telink.ble.mesh.demo.rels D/BluetoothGatt: onConnectionUpdated() - Device=FF:FF:BB:CC:DD:71 interval=6 latency=0 timeout=500 status=0
2025-10-16 16:47:46.035 29083-31665/com.telink.ble.mesh.demo.rels D/GATT: gatt connect updated : interval=6 latency=0 timeout=500 st=0
2025-10-16 16:47:46.539 29083-31665/com.telink.ble.mesh.demo.rels D/BluetoothGatt: onSearchComplete() = Device=FF:FF:BB:CC:DD:71 Status=0
2025-10-16 16:47:46.541 29083-31665/com.telink.ble.mesh.demo.rels D/SIG-Mesh: services: 
    00001800-0000-1000-8000-00805f9b34fb
    chara: 	00002a00-0000-1000-8000-00805f9b34fb
    chara: 	00002a01-0000-1000-8000-00805f9b34fb
    chara: 	00002a04-0000-1000-8000-00805f9b34fb
    0000180a-0000-1000-8000-00805f9b34fb
    chara: 	00002a50-0000-1000-8000-00805f9b34fb
    chara: 	00002a26-0000-1000-8000-00805f9b34fb
    00010203-0405-0607-0809-0a0b0c0d1912
    chara: 	00010203-0405-0607-0809-0a0b0c0d2b12
    00001827-0000-1000-8000-00805f9b34fb
    chara: 	00002adc-0000-1000-8000-00805f9b34fb
    chara: 	00002adb-0000-1000-8000-00805f9b34fb
    00007fdd-0000-1000-8000-00805f9b34fb
    chara: 	00002ade-0000-1000-8000-00805f9b34fb
    chara: 	00002add-0000-1000-8000-00805f9b34fb
    00010203-0405-0607-0809-0a0b0c0d7fde
    chara: 	00010203-0405-0607-0809-0a0b0c0d7fdf
    00001801-0000-1000-8000-00805f9b34fb
    chara: 	00002a05-0000-1000-8000-00805f9b34fb
2025-10-16 16:47:46.541 29083-31665/com.telink.ble.mesh.demo.rels D/GATT: Device#refreshCache#prepare
2025-10-16 16:47:46.541 29083-31665/com.telink.ble.mesh.demo.rels W/.mesh.demo.rels: Accessing hidden method Landroid/bluetooth/BluetoothGatt;->refresh()Z (unsupported, reflection, allowed)
2025-10-16 16:47:46.541 29083-31665/com.telink.ble.mesh.demo.rels D/BluetoothGatt: refresh() - device: FF:FF:BB:CC:DD:71
2025-10-16 16:47:46.549 29083-31702/com.telink.ble.mesh.demo.rels D/BluetoothGatt: discoverServices() - device: FF:FF:BB:CC:DD:71
2025-10-16 16:47:46.628 29083-31665/com.telink.ble.mesh.demo.rels D/BluetoothGatt: onConnectionUpdated() - Device=FF:FF:BB:CC:DD:71 interval=36 latency=0 timeout=500 status=0
2025-10-16 16:47:46.629 29083-31665/com.telink.ble.mesh.demo.rels D/GATT: gatt connect updated : interval=36 latency=0 timeout=500 st=0
2025-10-16 16:47:47.086 29083-31665/com.telink.ble.mesh.demo.rels D/BluetoothGatt: onConnectionUpdated() - Device=FF:FF:BB:CC:DD:71 interval=6 latency=0 timeout=500 status=0
2025-10-16 16:47:47.091 29083-31665/com.telink.ble.mesh.demo.rels D/GATT: gatt connect updated : interval=6 latency=0 timeout=500 st=0
2025-10-16 16:47:47.556 29083-31665/com.telink.ble.mesh.demo.rels D/BluetoothGatt: onSearchComplete() = Device=FF:FF:BB:CC:DD:71 Status=0
2025-10-16 16:47:47.559 29083-31665/com.telink.ble.mesh.demo.rels D/SIG-Mesh: services: 
    00001800-0000-1000-8000-00805f9b34fb
    chara: 	00002a00-0000-1000-8000-00805f9b34fb
    chara: 	00002a01-0000-1000-8000-00805f9b34fb
    chara: 	00002a04-0000-1000-8000-00805f9b34fb
    0000180a-0000-1000-8000-00805f9b34fb
    chara: 	00002a50-0000-1000-8000-00805f9b34fb
    chara: 	00002a26-0000-1000-8000-00805f9b34fb
    00010203-0405-0607-0809-0a0b0c0d1912
    chara: 	00010203-0405-0607-0809-0a0b0c0d2b12
    00001827-0000-1000-8000-00805f9b34fb
    chara: 	00002adc-0000-1000-8000-00805f9b34fb
    chara: 	00002adb-0000-1000-8000-00805f9b34fb
    00007fdd-0000-1000-8000-00805f9b34fb
    chara: 	00002ade-0000-1000-8000-00805f9b34fb
    chara: 	00002add-0000-1000-8000-00805f9b34fb
    00010203-0405-0607-0809-0a0b0c0d7fde
    chara: 	00010203-0405-0607-0809-0a0b0c0d7fdf
    00001801-0000-1000-8000-00805f9b34fb
    chara: 	00002a05-0000-1000-8000-00805f9b34fb
2025-10-16 16:47:47.559 29083-31665/com.telink.ble.mesh.demo.rels D/GATT: service discover complete
2025-10-16 16:47:47.560 29083-31665/com.telink.ble.mesh.demo.rels D/BluetoothGatt: configureMTU() - device: FF:FF:BB:CC:DD:71 mtu: 517
2025-10-16 16:47:47.576 29083-31665/com.telink.ble.mesh.demo.rels D/BluetoothGatt: onConfigureMTU() - Device=FF:FF:BB:CC:DD:71 mtu=250 status=0
2025-10-16 16:47:47.577 29083-31665/com.telink.ble.mesh.demo.rels D/GATT: onMtuChanged: 250
2025-10-16 16:47:47.577 29083-31665/com.telink.ble.mesh.demo.rels D/GATT: request not found
2025-10-16 16:47:47.577 29083-31665/com.telink.ble.mesh.demo.rels D/SIG-Mesh: mtu changed : 250
2025-10-16 16:47:47.663 29083-31665/com.telink.ble.mesh.demo.rels D/BluetoothGatt: onConnectionUpdated() - Device=FF:FF:BB:CC:DD:71 interval=36 latency=0 timeout=500 status=0
2025-10-16 16:47:47.665 29083-31665/com.telink.ble.mesh.demo.rels D/GATT: gatt connect updated : interval=36 latency=0 timeout=500 st=0
2025-10-16 16:47:48.069 29083-31702/com.telink.ble.mesh.demo.rels D/BluetoothGatt: setCharacteristicNotification() - uuid: 00002adc-0000-1000-8000-00805f9b34fb enable: true
2025-10-16 16:47:48.073 29083-31702/com.telink.ble.mesh.demo.rels D/GATT: write ccc to provision service
2025-10-16 16:47:48.076 29083-31702/com.telink.ble.mesh.demo.rels D/GATT: enable proxy notify
2025-10-16 16:47:48.076 29083-31702/com.telink.ble.mesh.demo.rels D/GATT: write ccc to proxy service
2025-10-16 16:47:48.160 29083-31665/com.telink.ble.mesh.demo.rels D/BluetoothGatt: setCharacteristicNotification() - uuid: 00002ade-0000-1000-8000-00805f9b34fb enable: true
2025-10-16 16:47:48.278 29083-31702/com.telink.ble.mesh.demo.rels D/SIG-Mesh: event handle: com.telink.ble.mesh.EVENT_TYPE_PROVISION_BEGIN
2025-10-16 16:47:48.279 29083-31702/com.telink.ble.mesh.demo.rels D/Provisioning: begin -- 15F0B8502AE65935931471DDCCBBFFFF
2025-10-16 16:47:48.279 29083-31702/com.telink.ble.mesh.demo.rels D/Provisioning: provisioning state update: state -- 4097 desc -- Invite
2025-10-16 16:47:48.279 29083-31702/com.telink.ble.mesh.demo.rels D/Provisioning: pdu prepared: 00
2025-10-16 16:47:48.279 29083-31702/com.telink.ble.mesh.demo.rels D/GATT: send unsegment pkt: 03:00:00
2025-10-16 16:47:48.431 29083-31665/com.telink.ble.mesh.demo.rels D/GATT: completed notification data: 03:01:03:00:03:00:00:00:00:00:00:00:00
2025-10-16 16:47:48.431 29083-31665/com.telink.ble.mesh.demo.rels D/Provisioning: provisioning pdu received: 010300030000000000000000
2025-10-16 16:47:48.433 29083-31665/com.telink.ble.mesh.demo.rels D/Provisioning: provisioning state update: state -- 4098 desc -- Capability Received: ProvisioningCapabilityPDU{eleNum=3, algorithms=3, publicKeyType=0, staticOOBType=0, outputOOBSize=0, outputOOBAction=0, inputOOBSize=0, inputOOBAction=0}
2025-10-16 16:47:48.433 29083-31665/com.telink.ble.mesh.demo.rels D/MeshController: on device capability received
2025-10-16 16:47:48.433 29083-31665/com.telink.ble.mesh.demo.rels D/SIG-Mesh: event handle: com.telink.ble.mesh.EVENT_TYPE_CAPABILITY_RECEIVED
2025-10-16 16:47:48.434 29083-31665/com.telink.ble.mesh.demo.rels D/Provisioning: provisioning state update: state -- 4099 desc -- Start - use static oob?false - algo:1
2025-10-16 16:47:48.434 29083-31665/com.telink.ble.mesh.demo.rels D/Provisioning: pdu prepared: 01:00:00:00:00
2025-10-16 16:47:48.434 29083-31665/com.telink.ble.mesh.demo.rels D/GATT: send unsegment pkt: 03:02:01:00:00:00:00
2025-10-16 16:47:48.550 29083-31665/com.telink.ble.mesh.demo.rels D/Provisioning: get key x: 86:83:5E:46:F9:37:24:BF:12:23:64:C3:D2:2D:29:AE:60:45:46:83:FB:FC:85:34:31:2B:01:FD:DE:A7:A8:04
2025-10-16 16:47:48.550 29083-31665/com.telink.ble.mesh.demo.rels D/Provisioning: get key y: 55:C1:19:C3:C5:C5:74:12:B6:35:2F:A2:B5:35:A6:EA:E6:2C:CF:8B:07:E6:F4:3B:8E:92:DB:F3:81:14:69:F9
2025-10-16 16:47:48.550 29083-31665/com.telink.ble.mesh.demo.rels D/Provisioning: provisioning state update: state -- 4100 desc -- Send Public Key
2025-10-16 16:47:48.550 29083-31665/com.telink.ble.mesh.demo.rels D/Provisioning: pdu prepared: 86:83:5E:46:F9:37:24:BF:12:23:64:C3:D2:2D:29:AE:60:45:46:83:FB:FC:85:34:31:2B:01:FD:DE:A7:A8:04:55:C1:19:C3:C5:C5:74:12:B6:35:2F:A2:B5:35:A6:EA:E6:2C:CF:8B:07:E6:F4:3B:8E:92:DB:F3:81:14:69:F9
2025-10-16 16:47:48.550 29083-31665/com.telink.ble.mesh.demo.rels D/GATT: send unsegment pkt: 03:03:86:83:5E:46:F9:37:24:BF:12:23:64:C3:D2:2D:29:AE:60:45:46:83:FB:FC:85:34:31:2B:01:FD:DE:A7:A8:04:55:C1:19:C3:C5:C5:74:12:B6:35:2F:A2:B5:35:A6:EA:E6:2C:CF:8B:07:E6:F4:3B:8E:92:DB:F3:81:14:69:F9
2025-10-16 16:47:49.201 29083-31665/com.telink.ble.mesh.demo.rels D/GATT: completed notification data: 03:03:8D:9D:2E:2B:24:29:8C:6A:2C:02:44:B5:8A:31:CE:76:DF:63:93:41:E8:B5:DC:0E:76:02:8E:A0:26:FC:8A:7B:E9:EC:ED:CD:F0:29:12:28:97:48:C8:81:79:94:35:F1:3C:36:52:98:1F:32:02:A9:69:47:FD:AB:A6:E7:81:2E
2025-10-16 16:47:49.202 29083-31665/com.telink.ble.mesh.demo.rels D/Provisioning: provisioning pdu received: 038D9D2E2B24298C6A2C0244B58A31CE76DF639341E8B5DC0E76028EA026FC8A7BE9ECEDCDF02912289748C881799435F13C3652981F3202A96947FDABA6E7812E
2025-10-16 16:47:49.203 29083-31665/com.telink.ble.mesh.demo.rels D/Provisioning: provisioning state update: state -- 4101 desc -- Public Key received
2025-10-16 16:47:49.203 29083-31665/com.telink.ble.mesh.demo.rels D/Provisioning: pub key received: 8D9D2E2B24298C6A2C0244B58A31CE76DF639341E8B5DC0E76028EA026FC8A7BE9ECEDCDF02912289748C881799435F13C3652981F3202A96947FDABA6E7812E
2025-10-16 16:47:49.247 29083-31665/com.telink.ble.mesh.demo.rels D/Provisioning: get secret: 1C6FC75537F93C9C2F66F3794D276490181ACE59CB9F767605842A801DBB4800
2025-10-16 16:47:49.254 29083-31665/com.telink.ble.mesh.demo.rels D/Provisioning: provisioner confirm - 523BF4A00B736B550470AF8191203F0923AD6B9021015A1C6D450BD45119C6E4
2025-10-16 16:47:49.254 29083-31665/com.telink.ble.mesh.demo.rels D/Provisioning: provisioning state update: state -- 4102 desc -- Send confirm
2025-10-16 16:47:49.254 29083-31665/com.telink.ble.mesh.demo.rels D/Provisioning: pdu prepared: 52:3B:F4:A0:0B:73:6B:55:04:70:AF:81:91:20:3F:09:23:AD:6B:90:21:01:5A:1C:6D:45:0B:D4:51:19:C6:E4
2025-10-16 16:47:49.254 29083-31665/com.telink.ble.mesh.demo.rels D/GATT: send unsegment pkt: 03:05:52:3B:F4:A0:0B:73:6B:55:04:70:AF:81:91:20:3F:09:23:AD:6B:90:21:01:5A:1C:6D:45:0B:D4:51:19:C6:E4
2025-10-16 16:47:49.644 29083-31665/com.telink.ble.mesh.demo.rels D/BluetoothGatt: onConnectionUpdated() - Device=FF:FF:BB:CC:DD:71 interval=18 latency=0 timeout=500 status=0
2025-10-16 16:47:49.645 29083-31665/com.telink.ble.mesh.demo.rels D/GATT: gatt connect updated : interval=18 latency=0 timeout=500 st=0
2025-10-16 16:47:49.918 29083-31665/com.telink.ble.mesh.demo.rels D/GATT: completed notification data: 03:05:A9:D1:58:47:5A:86:6C:0A:1F:D5:F9:27:BD:8A:1F:E9:12:10:55:78:66:C7:F9:BB:53:E1:96:CE:57:C0:2A:37
2025-10-16 16:47:49.919 29083-31665/com.telink.ble.mesh.demo.rels D/Provisioning: provisioning pdu received: 05A9D158475A866C0A1FD5F927BD8A1FE91210557866C7F9BB53E196CE57C02A37
2025-10-16 16:47:49.919 29083-31665/com.telink.ble.mesh.demo.rels D/Provisioning: provisioning state update: state -- 4103 desc -- Confirm received
2025-10-16 16:47:49.921 29083-31665/com.telink.ble.mesh.demo.rels D/Provisioning: provisioning state update: state -- 4104 desc -- Send random
2025-10-16 16:47:49.921 29083-31665/com.telink.ble.mesh.demo.rels D/Provisioning: pdu prepared: A9:3B:53:FF:72:EF:D7:4B:94:AA:AC:34:65:7E:CA:6D:1C:2C:4C:36:EA:A8:7B:3C:CD:20:E0:30:CC:9F:CE:0F
2025-10-16 16:47:49.921 29083-31665/com.telink.ble.mesh.demo.rels D/GATT: send unsegment pkt: 03:06:A9:3B:53:FF:72:EF:D7:4B:94:AA:AC:34:65:7E:CA:6D:1C:2C:4C:36:EA:A8:7B:3C:CD:20:E0:30:CC:9F:CE:0F
2025-10-16 16:47:50.007 29083-31665/com.telink.ble.mesh.demo.rels D/GATT: completed notification data: 03:06:F8:8C:32:81:A8:1F:5F:41:07:D5:01:C0:57:4A:D8:49:90:67:31:DD:F6:D8:92:AA:66:DC:36:CE:1E:A7:2E:29
2025-10-16 16:47:50.008 29083-31665/com.telink.ble.mesh.demo.rels D/Provisioning: provisioning pdu received: 06F88C3281A81F5F4107D501C0574AD849906731DDF6D892AA66DC36CE1EA72E29
2025-10-16 16:47:50.008 29083-31665/com.telink.ble.mesh.demo.rels D/Provisioning: provisioning state update: state -- 4105 desc -- Random received
2025-10-16 16:47:50.018 29083-31665/com.telink.ble.mesh.demo.rels D/Provisioning: Confirmation values check pass
2025-10-16 16:47:50.021 29083-31665/com.telink.ble.mesh.demo.rels D/Provisioning: device key: BB96ECCF33232F4ECD9EF5B33D267734
2025-10-16 16:47:50.022 29083-31665/com.telink.ble.mesh.demo.rels D/Provisioning: provisioning data prepare: ProvisioningDevice{deviceUUID=15F0B8502AE65935931471DDCCBBFFFF, oobInfo=0b0, networkKey=541B78034678503E51277AAF13E7CEA7, networkKeyIndex=0, keyRefreshFlag=0, ivUpdateFlag=0, ivIndex=0x1, unicastAddress=0x10, authValue=, autoUseNoOOB=true, provisioningState=0, deviceKey=BB96ECCF33232F4ECD9EF5B33D267734}
2025-10-16 16:47:50.022 29083-31665/com.telink.ble.mesh.demo.rels D/Provisioning: unencrypted provision data: 541B78034678503E51277AAF13E7CEA7000000000000010010
2025-10-16 16:47:50.026 29083-31665/com.telink.ble.mesh.demo.rels D/Provisioning: encrypted provision data: EDFD250A04C0728A6A8760664BD632D834F9841E01543917B60C5CC74731405F59
2025-10-16 16:47:50.027 29083-31665/com.telink.ble.mesh.demo.rels D/Provisioning: provisioning state update: state -- 4106 desc -- Send provisioning data
2025-10-16 16:47:50.027 29083-31665/com.telink.ble.mesh.demo.rels D/Provisioning: pdu prepared: ED:FD:25:0A:04:C0:72:8A:6A:87:60:66:4B:D6:32:D8:34:F9:84:1E:01:54:39:17:B6:0C:5C:C7:47:31:40:5F:59
2025-10-16 16:47:50.027 29083-31665/com.telink.ble.mesh.demo.rels D/GATT: send unsegment pkt: 03:07:ED:FD:25:0A:04:C0:72:8A:6A:87:60:66:4B:D6:32:D8:34:F9:84:1E:01:54:39:17:B6:0C:5C:C7:47:31:40:5F:59
2025-10-16 16:47:50.145 29083-31665/com.telink.ble.mesh.demo.rels D/GATT: completed notification data: 03:08
2025-10-16 16:47:50.145 29083-31665/com.telink.ble.mesh.demo.rels D/Provisioning: provisioning pdu received: 08
2025-10-16 16:47:50.145 29083-31665/com.telink.ble.mesh.demo.rels D/Provisioning: provisioning state update: state -- 4107 desc -- Provision Success
2025-10-16 16:47:50.146 29083-31665/com.telink.ble.mesh.demo.rels D/MeshController: ---idle--- false
2025-10-16 16:47:50.146 29083-31665/com.telink.ble.mesh.demo.rels D/SIG-Mesh: event handle: com.telink.ble.mesh.EVENT_TYPE_PROVISION_SUCCESS
2025-10-16 16:47:50.147 29083-31665/com.telink.ble.mesh.demo.rels D/MeshController: provision success
2025-10-16 16:47:50.148 29083-31665/com.telink.ble.mesh.demo.rels D/GATT: completed notification data: 01:01:00:87:EC:A9:02:C8:F0:25:A1:00:00:00:01:37:29:48:D3:00:FE:30:78
2025-10-16 16:47:50.152 29083-31665/com.telink.ble.mesh.demo.rels D/Networking: SecureNetworkBeacon received: SecureNetworkBeacon{beaconType=1, flags=0, networkID=87ECA902C8F025A1, ivIndex=0x00000001, authenticationValue=372948D300FE3078}
2025-10-16 16:47:50.153 29083-31665/com.telink.ble.mesh.demo.rels D/Networking: iv index received iv: 00000001 -- updating: false -- localIv: 00000001 -- updating: false 
2025-10-16 16:47:50.153 29083-31665/com.telink.ble.mesh.demo.rels D/GATT: completed notification data: 02:BB:C9:82:9E:3A:F5:74:9D:69:47:16:F9:64:06:63:96:EF:BE:01:41
2025-10-16 16:47:50.154 29083-31665/com.telink.ble.mesh.demo.rels D/Networking: getAcceptedIvIndex : 00000001 ivi: 1
2025-10-16 16:47:50.157 29083-31665/com.telink.ble.mesh.demo.rels D/Networking: proxy pdu: NetworkLayerPDU{ivi=1, nid=59, ctl=1, ttl=0, seq=0x1, src=16, dst=0, transportPDU=040101}
2025-10-16 16:47:50.157 29083-31665/com.telink.ble.mesh.demo.rels D/Networking: put init sequence number
2025-10-16 16:47:50.157 29083-31665/com.telink.ble.mesh.demo.rels D/Networking: proxy network pdu src: 0010 dst: 0000
2025-10-16 16:47:50.158 29083-31665/com.telink.ble.mesh.demo.rels D/Networking: onProxyConfigurationNotify: 04:01:01
2025-10-16 16:47:50.160 29083-29083/com.telink.ble.mesh.demo.rels D/MeshController: filter init start
2025-10-16 16:47:50.161 29083-29083/com.telink.ble.mesh.demo.rels D/Networking: getTransmitIvIndex : 00000001
2025-10-16 16:47:50.162 29083-29083/com.telink.ble.mesh.demo.rels D/Networking: proxy network pdu: BB:F2:08:1C:C3:4F:70:01:E9:C2:23:CD:2F:1A:34:7B:14:1B:93
2025-10-16 16:47:50.162 29083-29083/com.telink.ble.mesh.demo.rels D/GATT: send unsegment pkt: 02:BB:F2:08:1C:C3:4F:70:01:E9:C2:23:CD:2F:1A:34:7B:14:1B:93
2025-10-16 16:47:50.206 29083-31665/com.telink.ble.mesh.demo.rels D/GATT: completed notification data: 02:BB:AE:6E:D7:6E:8D:F7:DF:33:E0:E1:D4:84:7B:05:58:13:66:B3:F5:C2
2025-10-16 16:47:50.207 29083-31665/com.telink.ble.mesh.demo.rels D/Networking: getAcceptedIvIndex : 00000001 ivi: 1
2025-10-16 16:47:50.207 29083-31665/com.telink.ble.mesh.demo.rels D/Networking: proxy pdu: NetworkLayerPDU{ivi=1, nid=59, ctl=1, ttl=0, seq=0x2, src=16, dst=0, transportPDU=03000000}
2025-10-16 16:47:50.208 29083-31665/com.telink.ble.mesh.demo.rels D/Networking: proxy network pdu src: 0010 dst: 0000
2025-10-16 16:47:50.208 29083-31665/com.telink.ble.mesh.demo.rels D/Networking: onProxyConfigurationNotify: 03:00:00:00
2025-10-16 16:47:50.208 29083-31665/com.telink.ble.mesh.demo.rels D/Networking: reset direct address: 0010
2025-10-16 16:47:50.208 29083-31665/com.telink.ble.mesh.demo.rels D/Networking: getTransmitIvIndex : 00000001
2025-10-16 16:47:50.209 29083-31665/com.telink.ble.mesh.demo.rels D/Networking: proxy network pdu: BB:98:A0:A6:A7:B2:AB:C7:60:6D:2B:CE:F3:97:16:80:91:1D:8C:42:2F:AB
2025-10-16 16:47:50.209 29083-31665/com.telink.ble.mesh.demo.rels D/GATT: send unsegment pkt: 02:BB:98:A0:A6:A7:B2:AB:C7:60:6D:2B:CE:F3:97:16:80:91:1D:8C:42:2F:AB
2025-10-16 16:47:50.252 29083-31665/com.telink.ble.mesh.demo.rels D/GATT: completed notification data: 02:BB:63:53:C3:E3:30:96:DD:3E:81:BD:72:A0:17:69:A9:40:76:5C:58:B7
2025-10-16 16:47:50.253 29083-31665/com.telink.ble.mesh.demo.rels D/Networking: getAcceptedIvIndex : 00000001 ivi: 1
2025-10-16 16:47:50.254 29083-31665/com.telink.ble.mesh.demo.rels D/Networking: proxy pdu: NetworkLayerPDU{ivi=1, nid=59, ctl=1, ttl=0, seq=0x5, src=16, dst=0, transportPDU=03000002}
2025-10-16 16:47:50.255 29083-31665/com.telink.ble.mesh.demo.rels D/Networking: proxy network pdu src: 0010 dst: 0000
2025-10-16 16:47:50.255 29083-31665/com.telink.ble.mesh.demo.rels D/Networking: onProxyConfigurationNotify: 03:00:00:02
2025-10-16 16:47:50.256 29083-31665/com.telink.ble.mesh.demo.rels D/Networking: reset direct address: 0010
2025-10-16 16:47:50.256 29083-31665/com.telink.ble.mesh.demo.rels D/MeshController: filter init complete, success? true
2025-10-16 16:47:50.758 29083-31702/com.telink.ble.mesh.demo.rels D/Binding: binding begin: defaultBound? false
2025-10-16 16:47:50.759 29083-31702/com.telink.ble.mesh.demo.rels D/Binding: update bind step: 1
2025-10-16 16:47:50.766 29083-31702/com.telink.ble.mesh.demo.rels D/MeshController: send mesh message: CompositionDataGetMessage opcode: 0x0880 -- dst: 0x0010 isReliable: true retryCnt: 2 rspMax: 1
2025-10-16 16:47:50.769 29083-31702/com.telink.ble.mesh.demo.rels D/Networking: post access pdu: 8008FF
2025-10-16 16:47:50.770 29083-31702/com.telink.ble.mesh.demo.rels D/Networking: getTransmitIvIndex : 00000001
2025-10-16 16:47:50.774 29083-31702/com.telink.ble.mesh.demo.rels D/Networking: upper transport pdu: 71CB322B1C1085
2025-10-16 16:47:50.775 29083-31702/com.telink.ble.mesh.demo.rels D/Networking: send unsegmented access message
2025-10-16 16:47:50.775 29083-31702/com.telink.ble.mesh.demo.rels D/Networking: restart reliable message timeout task, immediate
2025-10-16 16:47:50.775 29083-31702/com.telink.ble.mesh.demo.rels D/Networking: reliable message timeout:1280
2025-10-16 16:47:50.776 29083-31702/com.telink.ble.mesh.demo.rels D/Networking: single network pdu: BB:38:10:E1:26:88:A1:C2:88:41:99:D2:AE:05:34:69:D3:20:30:9F:5F
2025-10-16 16:47:50.777 29083-31702/com.telink.ble.mesh.demo.rels D/Networking: networking pdu prepared: BB:38:10:E1:26:88:A1:C2:88:41:99:D2:AE:05:34:69:D3:20:30:9F:5F busy?-false
2025-10-16 16:47:50.777 29083-31702/com.telink.ble.mesh.demo.rels D/Networking: networking pdu sending direct 
2025-10-16 16:47:50.777 29083-31702/com.telink.ble.mesh.demo.rels D/GATT: send unsegment pkt: 00:BB:38:10:E1:26:88:A1:C2:88:41:99:D2:AE:05:34:69:D3:20:30:9F:5F
2025-10-16 16:47:50.784 29083-31702/com.telink.ble.mesh.demo.rels D/SIG-Mesh: event handle: com.telink.sig.mesh.EVENT_TYPE_CMD_PROCESSING
2025-10-16 16:47:50.817 29083-31668/com.telink.ble.mesh.demo.rels D/GATT: completed notification data: 00:BB:45:64:B9:B7:9D:A9:AC:3F:70:A9:76:91:64:E9:E7:C4:B9:F2:C2:D7:33:77:9E:22:B9:2E:E3:62
2025-10-16 16:47:50.818 29083-31668/com.telink.ble.mesh.demo.rels D/Networking: getAcceptedIvIndex : 00000001 ivi: 1
2025-10-16 16:47:50.821 29083-31668/com.telink.ble.mesh.demo.rels D/Networking: network pdu: NetworkLayerPDU{ivi=1, nid=59, ctl=0, ttl=10, seq=0x6, src=16, dst=1, transportPDU=80001806B7C810E8DF671A586AD4D781}
2025-10-16 16:47:50.822 29083-31668/com.telink.ble.mesh.demo.rels D/Networking: parse access message
2025-10-16 16:47:50.822 29083-31668/com.telink.ble.mesh.demo.rels D/Networking: parse segmented access message
2025-10-16 16:47:50.824 29083-31668/com.telink.ble.mesh.demo.rels D/Networking: lastComplete? :TRUE -- seqAuth: 0x00000001000006 -- lastSeqAuth: 0x00000000000000 -- src: 0x0010 -- lastSrc: 0x0000 -- seg0: 00 -- segN: 06
2025-10-16 16:47:50.824 29083-31668/com.telink.ble.mesh.demo.rels D/Networking: last segment complete
